[INFO] Scanning for projects...
[INFO] 
[INFO] ------------------------< com.riceerp:backend >-------------------------
[INFO] Building backend 0.0.1-SNAPSHOT
[INFO]   from pom.xml
[INFO] --------------------------------[ jar ]---------------------------------
[INFO] 
[INFO] >>> spring-boot:3.2.1:run (default-cli) > test-compile @ backend >>>
[INFO] 
[INFO] --- resources:3.3.1:resources (default-resources) @ backend ---
[INFO] Copying 1 resource from src\main\resources to target\classes
[INFO] Copying 1 resource from src\main\resources to target\classes
[INFO] 
[INFO] --- compiler:3.11.0:compile (default-compile) @ backend ---
[INFO] Nothing to compile - all classes are up to date
[INFO] 
[INFO] --- resources:3.3.1:testResources (default-testResources) @ backend ---
[INFO] skip non existing resourceDirectory D:\Projects\ERP\ERP-APP-Backend\src\test\resources
[INFO] 
[INFO] --- compiler:3.11.0:testCompile (default-testCompile) @ backend ---
[INFO] Nothing to compile - all classes are up to date
[INFO] 
[INFO] <<< spring-boot:3.2.1:run (default-cli) < test-compile @ backend <<<
[INFO] 
[INFO] 
[INFO] --- spring-boot:3.2.1:run (default-cli) @ backend ---
[INFO] Attaching agents: []

  .   ____          _            __ _ _
 /\\ / ___'_ __ _ _(_)_ __  __ _ \ \ \ \
( ( )\___ | '_ | '_| | '_ \/ _` | \ \ \ \
 \\/  ___)| |_)| | | | | || (_| |  ) ) ) )
  '  |____| .__|_| |_|_| |_\__, | / / / /
 =========|_|==============|___/=/_/_/_/
 :: Spring Boot ::                (v3.2.1)

2026-08-17T23:59:00.345+05:30  INFO 10876 --- [backend] [  restartedMain] com.riceerp.backend.BackendApplication   : Starting BackendApplication using Java 21.0.10 with PID 10876 (D:\Projects\ERP\ERP-APP-Backend\target\classes started by ELCOT in D:\Projects\ERP\ERP-APP-Backend)
2026-08-17T23:59:00.353+05:30  INFO 10876 --- [backend] [  restartedMain] com.riceerp.backend.BackendApplication   : No active profile set, falling back to 1 default profile: "default"
2026-08-17T23:59:00.414+05:30  INFO 10876 --- [backend] [  restartedMain] .e.DevToolsPropertyDefaultsPostProcessor : Devtools property defaults active! Set 'spring.devtools.add-properties' to 'false' to disable
2026-08-17T23:59:00.414+05:30  INFO 10876 --- [backend] [  restartedMain] .e.DevToolsPropertyDefaultsPostProcessor : For additional web related logging consider setting the 'logging.level.web' property to 'DEBUG'
2026-08-17T23:59:01.866+05:30  INFO 10876 --- [backend] [  restartedMain] .s.d.r.c.RepositoryConfigurationDelegate : Bootstrapping Spring Data JPA repositories in DEFAULT mode.
2026-08-17T23:59:02.057+05:30  INFO 10876 --- [backend] [  restartedMain] .s.d.r.c.RepositoryConfigurationDelegate : Finished Spring Data repository scanning in 179 ms. Found 21 JPA repository interfaces.
2026-08-17T23:59:03.270+05:30  INFO 10876 --- [backend] [  restartedMain] o.s.b.w.embedded.tomcat.TomcatWebServer  : Tomcat initialized with port 8083 (http)
2026-08-17T23:59:03.294+05:30  INFO 10876 --- [backend] [  restartedMain] o.apache.catalina.core.StandardService   : Starting service [Tomcat]
2026-08-17T23:59:03.302+05:30  INFO 10876 --- [backend] [  restartedMain] o.apache.catalina.core.StandardEngine    : Starting Servlet engine: [Apache Tomcat/10.1.17]
2026-08-17T23:59:03.362+05:30  INFO 10876 --- [backend] [  restartedMain] o.a.c.c.C.[Tomcat].[localhost].[/]       : Initializing Spring embedded WebApplicationContext
2026-08-17T23:59:03.362+05:30  INFO 10876 --- [backend] [  restartedMain] w.s.c.ServletWebServerApplicationContext : Root WebApplicationContext: initialization completed in 2948 ms
2026-08-17T23:59:03.596+05:30  INFO 10876 --- [backend] [  restartedMain] com.zaxxer.hikari.HikariDataSource       : HikariPool-1 - Starting...
2026-08-17T23:59:03.832+05:30  INFO 10876 --- [backend] [  restartedMain] com.zaxxer.hikari.pool.HikariPool        : HikariPool-1 - Added connection com.mysql.cj.jdbc.ConnectionImpl@4133208
2026-08-17T23:59:03.840+05:30  INFO 10876 --- [backend] [  restartedMain] com.zaxxer.hikari.HikariDataSource       : HikariPool-1 - Start completed.
2026-08-17T23:59:03.849+05:30  INFO 10876 --- [backend] [  restartedMain] o.s.b.a.h2.H2ConsoleAutoConfiguration    : H2 console available at '/h2-console'. Database available at 'jdbc:mysql://localhost:3306/erp_db?useSSL=false&allowPublicKeyRetrieval=true&serverTimezone=UTC'
2026-08-17T23:59:04.148+05:30  INFO 10876 --- [backend] [  restartedMain] o.hibernate.jpa.internal.util.LogHelper  : HHH000204: Processing PersistenceUnitInfo [name: default]
2026-08-17T23:59:04.210+05:30  INFO 10876 --- [backend] [  restartedMain] org.hibernate.Version                    : HHH000412: Hibernate ORM core version 6.4.1.Final
2026-08-17T23:59:04.255+05:30  INFO 10876 --- [backend] [  restartedMain] o.h.c.internal.RegionFactoryInitiator    : HHH000026: Second-level cache disabled
2026-08-17T23:59:04.492+05:30  INFO 10876 --- [backend] [  restartedMain] o.s.o.j.p.SpringPersistenceUnitInfo      : No LoadTimeWeaver setup: ignoring JPA class transformer
2026-08-17T23:59:04.574+05:30  WARN 10876 --- [backend] [  restartedMain] org.hibernate.orm.deprecation            : HHH90000025: MySQLDialect does not need to be specified explicitly using 'hibernate.dialect' (remove the property setting and it will be selected by default)
2026-08-17T23:59:06.042+05:30  INFO 10876 --- [backend] [  restartedMain] o.h.e.t.j.p.i.JtaPlatformInitiator       : HHH000489: No JTA platform available (set 'hibernate.transaction.jta.platform' to enable JTA platform integration)
2026-08-17T23:59:06.328+05:30  INFO 10876 --- [backend] [  restartedMain] j.LocalContainerEntityManagerFactoryBean : Initialized JPA EntityManagerFactory for persistence unit 'default'
2026-08-17T23:59:06.755+05:30  INFO 10876 --- [backend] [  restartedMain] o.s.d.j.r.query.QueryEnhancerFactory     : Hibernate is in classpath; If applicable, HQL parser will be used.
2026-08-17T23:59:09.288+05:30  WARN 10876 --- [backend] [  restartedMain] JpaBaseConfiguration$JpaWebConfiguration : spring.jpa.open-in-view is enabled by default. Therefore, database queries may be performed during view rendering. Explicitly configure spring.jpa.open-in-view to disable this warning
2026-08-17T23:59:09.366+05:30  WARN 10876 --- [backend] [  restartedMain] .s.s.UserDetailsServiceAutoConfiguration : 

Using generated security password: 44cc454b-f8e9-408f-93dd-c92877c6d98d

This generated password is for development use only. Your security configuration must be updated before running your application in production.

2026-08-17T23:59:10.040+05:30  INFO 10876 --- [backend] [  restartedMain] o.s.b.a.e.web.EndpointLinksResolver      : Exposing 1 endpoint(s) beneath base path '/actuator'
2026-08-17T23:59:10.204+05:30  INFO 10876 --- [backend] [  restartedMain] o.s.s.web.DefaultSecurityFilterChain     : Will secure any request with [org.springframework.security.web.session.DisableEncodeUrlFilter@7f7f1aed, org.springframework.security.web.context.request.async.WebAsyncManagerIntegrationFilter@3818ed68, org.springframework.security.web.context.SecurityContextHolderFilter@22ab8739, org.springframework.security.web.header.HeaderWriterFilter@6a4aa0c0, org.springframework.web.filter.CorsFilter@37913fdc, org.springframework.security.web.authentication.logout.LogoutFilter@245c485f, com.riceerp.backend.security.JwtFilter@26e4ce15, org.springframework.security.web.savedrequest.RequestCacheAwareFilter@33c3cfef, org.springframework.security.web.servletapi.SecurityContextHolderAwareRequestFilter@339a36e0, org.springframework.security.web.authentication.AnonymousAuthenticationFilter@214b0056, org.springframework.security.web.session.SessionManagementFilter@603c632e, org.springframework.security.web.access.ExceptionTranslationFilter@34462b9e, org.springframework.security.web.access.intercept.AuthorizationFilter@6489ab89]
2026-08-17T23:59:11.047+05:30  INFO 10876 --- [backend] [  restartedMain] o.s.b.d.a.OptionalLiveReloadServer       : LiveReload server is running on port 35729
2026-08-17T23:59:11.162+05:30  INFO 10876 --- [backend] [  restartedMain] o.s.b.w.embedded.tomcat.TomcatWebServer  : Tomcat started on port 8083 (http) with context path ''
2026-08-17T23:59:11.172+05:30  INFO 10876 --- [backend] [  restartedMain] com.riceerp.backend.BackendApplication   : Started BackendApplication in 11.319 seconds (process running for 11.973)
2026-08-17T23:59:11.451+05:30 DEBUG 10876 --- [backend] [  restartedMain] org.hibernate.SQL                        : select u1_0.id from users u1_0 where u1_0.phone_number=? limit ?
Hibernate: select u1_0.id from users u1_0 where u1_0.phone_number=? limit ?
2026-08-18T00:08:17.063+05:30  INFO 10876 --- [backend] [nio-8083-exec-1] o.a.c.c.C.[Tomcat].[localhost].[/]       : Initializing Spring DispatcherServlet 'dispatcherServlet'
2026-08-18T00:08:17.063+05:30  INFO 10876 --- [backend] [nio-8083-exec-1] o.s.web.servlet.DispatcherServlet        : Initializing Servlet 'dispatcherServlet'
2026-08-18T00:08:17.067+05:30  INFO 10876 --- [backend] [nio-8083-exec-1] o.s.web.servlet.DispatcherServlet        : Completed initialization in 4 ms
2026-08-18T00:08:17.242+05:30 DEBUG 10876 --- [backend] [nio-8083-exec-1] org.hibernate.SQL                        : select u1_0.id,u1_0.created_at,u1_0.is_active,u1_0.name,u1_0.password_hash,u1_0.phone_number,u1_0.profile_completed,u1_0.role from users u1_0 where u1_0.phone_number=?
Hibernate: select u1_0.id,u1_0.created_at,u1_0.is_active,u1_0.name,u1_0.password_hash,u1_0.phone_number,u1_0.profile_completed,u1_0.role from users u1_0 where u1_0.phone_number=?
2026-08-18T00:08:17.593+05:30 DEBUG 10876 --- [backend] [nio-8083-exec-2] org.hibernate.SQL                        : select u1_0.id,u1_0.created_at,u1_0.is_active,u1_0.name,u1_0.password_hash,u1_0.phone_number,u1_0.profile_completed,u1_0.role from users u1_0 where u1_0.id=?
Hibernate: select u1_0.id,u1_0.created_at,u1_0.is_active,u1_0.name,u1_0.password_hash,u1_0.phone_number,u1_0.profile_completed,u1_0.role from users u1_0 where u1_0.id=?
2026-08-18T00:08:17.595+05:30 DEBUG 10876 --- [backend] [nio-8083-exec-2] org.hibernate.SQL                        : select u1_0.id,u1_0.created_at,u1_0.is_active,u1_0.name,u1_0.password_hash,u1_0.phone_number,u1_0.profile_completed,u1_0.role from users u1_0 where u1_0.id=?
Hibernate: select u1_0.id,u1_0.created_at,u1_0.is_active,u1_0.name,u1_0.password_hash,u1_0.phone_number,u1_0.profile_completed,u1_0.role from users u1_0 where u1_0.id=?
2026-08-18T00:08:17.845+05:30 DEBUG 10876 --- [backend] [nio-8083-exec-7] org.hibernate.SQL                        : select u1_0.id,u1_0.created_at,u1_0.is_active,u1_0.name,u1_0.password_hash,u1_0.phone_number,u1_0.profile_completed,u1_0.role from users u1_0 where u1_0.id=?
Hibernate: select u1_0.id,u1_0.created_at,u1_0.is_active,u1_0.name,u1_0.password_hash,u1_0.phone_number,u1_0.profile_completed,u1_0.role from users u1_0 where u1_0.id=?
2026-08-18T00:08:17.860+05:30 DEBUG 10876 --- [backend] [nio-8083-exec-3] org.hibernate.SQL                        : select u1_0.id,u1_0.created_at,u1_0.is_active,u1_0.name,u1_0.password_hash,u1_0.phone_number,u1_0.profile_completed,u1_0.role from users u1_0 where u1_0.id=?
Hibernate: select u1_0.id,u1_0.created_at,u1_0.is_active,u1_0.name,u1_0.password_hash,u1_0.phone_number,u1_0.profile_completed,u1_0.role from users u1_0 where u1_0.id=?
2026-08-18T00:08:17.877+05:30 DEBUG 10876 --- [backend] [nio-8083-exec-3] org.hibernate.SQL                        : select u1_0.id,u1_0.created_at,u1_0.is_active,u1_0.name,u1_0.password_hash,u1_0.phone_number,u1_0.profile_completed,u1_0.role from users u1_0 where u1_0.id=?
2026-08-18T00:08:17.877+05:30 DEBUG 10876 --- [backend] [nio-8083-exec-7] org.hibernate.SQL                        : select u1_0.id,u1_0.created_at,u1_0.is_active,u1_0.name,u1_0.password_hash,u1_0.phone_number,u1_0.profile_completed,u1_0.role from users u1_0 where u1_0.id=?
Hibernate: select u1_0.id,u1_0.created_at,u1_0.is_active,u1_0.name,u1_0.password_hash,u1_0.phone_number,u1_0.profile_completed,u1_0.role from users u1_0 where u1_0.id=?
Hibernate: select u1_0.id,u1_0.created_at,u1_0.is_active,u1_0.name,u1_0.password_hash,u1_0.phone_number,u1_0.profile_completed,u1_0.role from users u1_0 where u1_0.id=?
2026-08-18T00:08:17.903+05:30 DEBUG 10876 --- [backend] [nio-8083-exec-6] org.hibernate.SQL                        : select u1_0.id,u1_0.created_at,u1_0.is_active,u1_0.name,u1_0.password_hash,u1_0.phone_number,u1_0.profile_completed,u1_0.role from users u1_0 where u1_0.id=?
Hibernate: select u1_0.id,u1_0.created_at,u1_0.is_active,u1_0.name,u1_0.password_hash,u1_0.phone_number,u1_0.profile_completed,u1_0.role from users u1_0 where u1_0.id=?
2026-08-18T00:08:17.930+05:30 DEBUG 10876 --- [backend] [nio-8083-exec-6] org.hibernate.SQL                        : select coalesce(sum(p1_0.stock),0) from products p1_0 where p1_0.status='ACTIVE'
Hibernate: select coalesce(sum(p1_0.stock),0) from products p1_0 where p1_0.status='ACTIVE'
2026-08-18T00:08:17.946+05:30 DEBUG 10876 --- [backend] [nio-8083-exec-6] org.hibernate.SQL                        : select count(p1_0.id) from products p1_0 where p1_0.stock<p1_0.minimum_stock and p1_0.status='ACTIVE'
Hibernate: select count(p1_0.id) from products p1_0 where p1_0.stock<p1_0.minimum_stock and p1_0.status='ACTIVE'
2026-08-18T00:08:17.962+05:30 DEBUG 10876 --- [backend] [nio-8083-exec-6] org.hibernate.SQL                        : select coalesce(sum(si1_0.quantity),0) from sales_items si1_0 join sales s1_0 on s1_0.id=si1_0.sale_id where s1_0.sale_date between ? and ?
Hibernate: select coalesce(sum(si1_0.quantity),0) from sales_items si1_0 join sales s1_0 on s1_0.id=si1_0.sale_id where s1_0.sale_date between ? and ?
2026-08-18T00:08:17.962+05:30 DEBUG 10876 --- [backend] [nio-8083-exec-6] org.hibernate.SQL                        : select coalesce(sum(s1_0.grand_total),0) from sales s1_0 where s1_0.sale_date between ? and ?
Hibernate: select coalesce(sum(s1_0.grand_total),0) from sales s1_0 where s1_0.sale_date between ? and ?
2026-08-18T00:08:17.977+05:30 DEBUG 10876 --- [backend] [nio-8083-exec-6] org.hibernate.SQL                        : select coalesce(sum(s1_0.grand_total),0) from sales s1_0 where s1_0.payment_mode=?
Hibernate: select coalesce(sum(s1_0.grand_total),0) from sales s1_0 where s1_0.payment_mode=?
2026-08-18T00:08:17.977+05:30 DEBUG 10876 --- [backend] [nio-8083-exec-6] org.hibernate.SQL                        : select count(s1_0.id) from suppliers s1_0 where s1_0.status=?
Hibernate: select count(s1_0.id) from suppliers s1_0 where s1_0.status=?
2026-08-18T00:08:17.998+05:30 DEBUG 10876 --- [backend] [nio-8083-exec-6] org.hibernate.SQL                        : select s1_0.id,s1_0.bill_number,s1_0.cgst,s1_0.created_at,s1_0.customer_id,s1_0.customer_name,s1_0.discount,s1_0.grand_total,s1_0.igst,s1_0.payment_mode,s1_0.sale_date,s1_0.sgst,s1_0.total from sales s1_0 order by s1_0.sale_date desc limit ?
Hibernate: select s1_0.id,s1_0.bill_number,s1_0.cgst,s1_0.created_at,s1_0.customer_id,s1_0.customer_name,s1_0.discount,s1_0.grand_total,s1_0.igst,s1_0.payment_mode,s1_0.sale_date,s1_0.sgst,s1_0.total from sales s1_0 order by s1_0.sale_date desc limit ?
2026-08-18T00:08:17.998+05:30 DEBUG 10876 --- [backend] [nio-8083-exec-6] org.hibernate.SQL                        : select c1_0.id,c1_0.address,c1_0.created_at,c1_0.credit_balance,c1_0.credit_limit,c1_0.customer_name,c1_0.email,c1_0.gst_number,c1_0.phone,c1_0.status from customers c1_0 where c1_0.id=?
Hibernate: select c1_0.id,c1_0.address,c1_0.created_at,c1_0.credit_balance,c1_0.credit_limit,c1_0.customer_name,c1_0.email,c1_0.gst_number,c1_0.phone,c1_0.status from customers c1_0 where c1_0.id=?
2026-08-18T00:08:18.006+05:30 DEBUG 10876 --- [backend] [nio-8083-exec-6] org.hibernate.SQL                        : select c1_0.id,c1_0.address,c1_0.created_at,c1_0.credit_balance,c1_0.credit_limit,c1_0.customer_name,c1_0.email,c1_0.gst_number,c1_0.phone,c1_0.status from customers c1_0 where c1_0.id=?
Hibernate: select c1_0.id,c1_0.address,c1_0.created_at,c1_0.credit_balance,c1_0.credit_limit,c1_0.customer_name,c1_0.email,c1_0.gst_number,c1_0.phone,c1_0.status from customers c1_0 where c1_0.id=?
2026-08-18T00:08:18.074+05:30 DEBUG 10876 --- [backend] [nio-8083-exec-5] org.hibernate.SQL                        : select u1_0.id,u1_0.created_at,u1_0.is_active,u1_0.name,u1_0.password_hash,u1_0.phone_number,u1_0.profile_completed,u1_0.role from users u1_0 where u1_0.id=?
Hibernate: select u1_0.id,u1_0.created_at,u1_0.is_active,u1_0.name,u1_0.password_hash,u1_0.phone_number,u1_0.profile_completed,u1_0.role from users u1_0 where u1_0.id=?
2026-08-18T00:08:18.074+05:30 DEBUG 10876 --- [backend] [nio-8083-exec-5] org.hibernate.SQL                        : select p1_0.id,p1_0.brand,p1_0.category,p1_0.created_at,p1_0.gst_rate,p1_0.hsn_code,p1_0.minimum_stock,p1_0.product_name,p1_0.purchase_price,p1_0.selling_price,p1_0.status,p1_0.stock,p1_0.unit,p1_0.version from products p1_0 where p1_0.status=?
Hibernate: select p1_0.id,p1_0.brand,p1_0.category,p1_0.created_at,p1_0.gst_rate,p1_0.hsn_code,p1_0.minimum_stock,p1_0.product_name,p1_0.purchase_price,p1_0.selling_price,p1_0.status,p1_0.stock,p1_0.unit,p1_0.version from products p1_0 where p1_0.status=?
2026-08-18T00:08:22.723+05:30 DEBUG 10876 --- [backend] [nio-8083-exec-4] org.hibernate.SQL                        : select u1_0.id,u1_0.created_at,u1_0.is_active,u1_0.name,u1_0.password_hash,u1_0.phone_number,u1_0.profile_completed,u1_0.role from users u1_0 where u1_0.id=?
Hibernate: select u1_0.id,u1_0.created_at,u1_0.is_active,u1_0.name,u1_0.password_hash,u1_0.phone_number,u1_0.profile_completed,u1_0.role from users u1_0 where u1_0.id=?
2026-08-18T00:08:22.768+05:30 DEBUG 10876 --- [backend] [nio-8083-exec-4] org.hibernate.SQL                        : select p1_0.id,p1_0.brand,p1_0.category,p1_0.created_at,p1_0.gst_rate,p1_0.hsn_code,p1_0.minimum_stock,p1_0.product_name,p1_0.purchase_price,p1_0.selling_price,p1_0.status,p1_0.stock,p1_0.unit,p1_0.version from products p1_0
Hibernate: select p1_0.id,p1_0.brand,p1_0.category,p1_0.created_at,p1_0.gst_rate,p1_0.hsn_code,p1_0.minimum_stock,p1_0.product_name,p1_0.purchase_price,p1_0.selling_price,p1_0.status,p1_0.stock,p1_0.unit,p1_0.version from products p1_0
2026-08-18T00:08:44.730+05:30 DEBUG 10876 --- [backend] [nio-8083-exec-8] org.hibernate.SQL                        : select u1_0.id,u1_0.created_at,u1_0.is_active,u1_0.name,u1_0.password_hash,u1_0.phone_number,u1_0.profile_completed,u1_0.role from users u1_0 where u1_0.id=?
Hibernate: select u1_0.id,u1_0.created_at,u1_0.is_active,u1_0.name,u1_0.password_hash,u1_0.phone_number,u1_0.profile_completed,u1_0.role from users u1_0 where u1_0.id=?
2026-08-18T00:08:44.739+05:30 DEBUG 10876 --- [backend] [nio-8083-exec-8] org.hibernate.SQL                        : select s1_0.id,s1_0.bill_number,s1_0.cgst,s1_0.created_at,s1_0.customer_id,s1_0.customer_name,s1_0.discount,s1_0.grand_total,s1_0.igst,s1_0.payment_mode,s1_0.sale_date,s1_0.sgst,s1_0.total from sales s1_0
Hibernate: select s1_0.id,s1_0.bill_number,s1_0.cgst,s1_0.created_at,s1_0.customer_id,s1_0.customer_name,s1_0.discount,s1_0.grand_total,s1_0.igst,s1_0.payment_mode,s1_0.sale_date,s1_0.sgst,s1_0.total from sales s1_0
2026-08-18T00:08:44.739+05:30 DEBUG 10876 --- [backend] [nio-8083-exec-8] org.hibernate.SQL                        : select c1_0.id,c1_0.address,c1_0.created_at,c1_0.credit_balance,c1_0.credit_limit,c1_0.customer_name,c1_0.email,c1_0.gst_number,c1_0.phone,c1_0.status from customers c1_0 where c1_0.id=?
Hibernate: select c1_0.id,c1_0.address,c1_0.created_at,c1_0.credit_balance,c1_0.credit_limit,c1_0.customer_name,c1_0.email,c1_0.gst_number,c1_0.phone,c1_0.status from customers c1_0 where c1_0.id=?
2026-08-18T00:08:44.748+05:30 DEBUG 10876 --- [backend] [nio-8083-exec-8] org.hibernate.SQL                        : select c1_0.id,c1_0.address,c1_0.created_at,c1_0.credit_balance,c1_0.credit_limit,c1_0.customer_name,c1_0.email,c1_0.gst_number,c1_0.phone,c1_0.status from customers c1_0 where c1_0.id=?
Hibernate: select c1_0.id,c1_0.address,c1_0.created_at,c1_0.credit_balance,c1_0.credit_limit,c1_0.customer_name,c1_0.email,c1_0.gst_number,c1_0.phone,c1_0.status from customers c1_0 where c1_0.id=?
2026-08-18T00:08:44.748+05:30 DEBUG 10876 --- [backend] [nio-8083-exec-8] org.hibernate.SQL                        : select c1_0.id,c1_0.address,c1_0.created_at,c1_0.credit_balance,c1_0.credit_limit,c1_0.customer_name,c1_0.email,c1_0.gst_number,c1_0.phone,c1_0.status from customers c1_0 where c1_0.id=?
Hibernate: select c1_0.id,c1_0.address,c1_0.created_at,c1_0.credit_balance,c1_0.credit_limit,c1_0.customer_name,c1_0.email,c1_0.gst_number,c1_0.phone,c1_0.status from customers c1_0 where c1_0.id=?
2026-08-18T00:08:46.229+05:30 DEBUG 10876 --- [backend] [io-8083-exec-10] org.hibernate.SQL                        : select u1_0.id,u1_0.created_at,u1_0.is_active,u1_0.name,u1_0.password_hash,u1_0.phone_number,u1_0.profile_completed,u1_0.role from users u1_0 where u1_0.id=?
Hibernate: select u1_0.id,u1_0.created_at,u1_0.is_active,u1_0.name,u1_0.password_hash,u1_0.phone_number,u1_0.profile_completed,u1_0.role from users u1_0 where u1_0.id=?
2026-08-18T00:08:46.235+05:30 DEBUG 10876 --- [backend] [nio-8083-exec-9] org.hibernate.SQL                        : select u1_0.id,u1_0.created_at,u1_0.is_active,u1_0.name,u1_0.password_hash,u1_0.phone_number,u1_0.profile_completed,u1_0.role from users u1_0 where u1_0.id=?
Hibernate: select u1_0.id,u1_0.created_at,u1_0.is_active,u1_0.name,u1_0.password_hash,u1_0.phone_number,u1_0.profile_completed,u1_0.role from users u1_0 where u1_0.id=?
2026-08-18T00:08:46.260+05:30 DEBUG 10876 --- [backend] [nio-8083-exec-9] org.hibernate.SQL                        : select c1_0.id,c1_0.address,c1_0.created_at,c1_0.credit_balance,c1_0.credit_limit,c1_0.customer_name,c1_0.email,c1_0.gst_number,c1_0.phone,c1_0.status from customers c1_0
2026-08-18T00:08:46.260+05:30 DEBUG 10876 --- [backend] [io-8083-exec-10] org.hibernate.SQL                        : select p1_0.id,p1_0.brand,p1_0.category,p1_0.created_at,p1_0.gst_rate,p1_0.hsn_code,p1_0.minimum_stock,p1_0.product_name,p1_0.purchase_price,p1_0.selling_price,p1_0.status,p1_0.stock,p1_0.unit,p1_0.version from products p1_0
Hibernate: select c1_0.id,c1_0.address,c1_0.created_at,c1_0.credit_balance,c1_0.credit_limit,c1_0.customer_name,c1_0.email,c1_0.gst_number,c1_0.phone,c1_0.status from customers c1_0
Hibernate: select p1_0.id,p1_0.brand,p1_0.category,p1_0.created_at,p1_0.gst_rate,p1_0.hsn_code,p1_0.minimum_stock,p1_0.product_name,p1_0.purchase_price,p1_0.selling_price,p1_0.status,p1_0.stock,p1_0.unit,p1_0.version from products p1_0
2026-08-18T00:09:13.756+05:30 DEBUG 10876 --- [backend] [nio-8083-exec-1] org.hibernate.SQL                        : select u1_0.id,u1_0.created_at,u1_0.is_active,u1_0.name,u1_0.password_hash,u1_0.phone_number,u1_0.profile_completed,u1_0.role from users u1_0 where u1_0.id=?
Hibernate: select u1_0.id,u1_0.created_at,u1_0.is_active,u1_0.name,u1_0.password_hash,u1_0.phone_number,u1_0.profile_completed,u1_0.role from users u1_0 where u1_0.id=?
2026-08-18T00:09:13.787+05:30 DEBUG 10876 --- [backend] [nio-8083-exec-1] org.hibernate.SQL                        : select s1_0.id,s1_0.bill_number,s1_0.cgst,s1_0.created_at,s1_0.customer_id,s1_0.customer_name,s1_0.discount,s1_0.grand_total,s1_0.igst,s1_0.payment_mode,s1_0.sale_date,s1_0.sgst,s1_0.total from sales s1_0
Hibernate: select s1_0.id,s1_0.bill_number,s1_0.cgst,s1_0.created_at,s1_0.customer_id,s1_0.customer_name,s1_0.discount,s1_0.grand_total,s1_0.igst,s1_0.payment_mode,s1_0.sale_date,s1_0.sgst,s1_0.total from sales s1_0
2026-08-18T00:09:13.787+05:30 DEBUG 10876 --- [backend] [nio-8083-exec-1] org.hibernate.SQL                        : select c1_0.id,c1_0.address,c1_0.created_at,c1_0.credit_balance,c1_0.credit_limit,c1_0.customer_name,c1_0.email,c1_0.gst_number,c1_0.phone,c1_0.status from customers c1_0 where c1_0.id=?
Hibernate: select c1_0.id,c1_0.address,c1_0.created_at,c1_0.credit_balance,c1_0.credit_limit,c1_0.customer_name,c1_0.email,c1_0.gst_number,c1_0.phone,c1_0.status from customers c1_0 where c1_0.id=?
2026-08-18T00:09:13.797+05:30 DEBUG 10876 --- [backend] [nio-8083-exec-1] org.hibernate.SQL                        : select c1_0.id,c1_0.address,c1_0.created_at,c1_0.credit_balance,c1_0.credit_limit,c1_0.customer_name,c1_0.email,c1_0.gst_number,c1_0.phone,c1_0.status from customers c1_0 where c1_0.id=?
Hibernate: select c1_0.id,c1_0.address,c1_0.created_at,c1_0.credit_balance,c1_0.credit_limit,c1_0.customer_name,c1_0.email,c1_0.gst_number,c1_0.phone,c1_0.status from customers c1_0 where c1_0.id=?
2026-08-18T00:09:13.797+05:30 DEBUG 10876 --- [backend] [nio-8083-exec-1] org.hibernate.SQL                        : select c1_0.id,c1_0.address,c1_0.created_at,c1_0.credit_balance,c1_0.credit_limit,c1_0.customer_name,c1_0.email,c1_0.gst_number,c1_0.phone,c1_0.status from customers c1_0 where c1_0.id=?
Hibernate: select c1_0.id,c1_0.address,c1_0.created_at,c1_0.credit_balance,c1_0.credit_limit,c1_0.customer_name,c1_0.email,c1_0.gst_number,c1_0.phone,c1_0.status from customers c1_0 where c1_0.id=?
2026-08-18T00:09:14.702+05:30 DEBUG 10876 --- [backend] [nio-8083-exec-2] org.hibernate.SQL                        : select u1_0.id,u1_0.created_at,u1_0.is_active,u1_0.name,u1_0.password_hash,u1_0.phone_number,u1_0.profile_completed,u1_0.role from users u1_0 where u1_0.id=?
Hibernate: select u1_0.id,u1_0.created_at,u1_0.is_active,u1_0.name,u1_0.password_hash,u1_0.phone_number,u1_0.profile_completed,u1_0.role from users u1_0 where u1_0.id=?
2026-08-18T00:09:14.704+05:30 DEBUG 10876 --- [backend] [nio-8083-exec-7] org.hibernate.SQL                        : select u1_0.id,u1_0.created_at,u1_0.is_active,u1_0.name,u1_0.password_hash,u1_0.phone_number,u1_0.profile_completed,u1_0.role from users u1_0 where u1_0.id=?
Hibernate: select u1_0.id,u1_0.created_at,u1_0.is_active,u1_0.name,u1_0.password_hash,u1_0.phone_number,u1_0.profile_completed,u1_0.role from users u1_0 where u1_0.id=?
2026-08-18T00:09:14.730+05:30 DEBUG 10876 --- [backend] [nio-8083-exec-2] org.hibernate.SQL                        : select u1_0.id,u1_0.created_at,u1_0.is_active,u1_0.name,u1_0.password_hash,u1_0.phone_number,u1_0.profile_completed,u1_0.role from users u1_0 where u1_0.id=?
Hibernate: select u1_0.id,u1_0.created_at,u1_0.is_active,u1_0.name,u1_0.password_hash,u1_0.phone_number,u1_0.profile_completed,u1_0.role from users u1_0 where u1_0.id=?
2026-08-18T00:09:14.730+05:30 DEBUG 10876 --- [backend] [nio-8083-exec-7] org.hibernate.SQL                        : select u1_0.id,u1_0.created_at,u1_0.is_active,u1_0.name,u1_0.password_hash,u1_0.phone_number,u1_0.profile_completed,u1_0.role from users u1_0 where u1_0.id=?
Hibernate: select u1_0.id,u1_0.created_at,u1_0.is_active,u1_0.name,u1_0.password_hash,u1_0.phone_number,u1_0.profile_completed,u1_0.role from users u1_0 where u1_0.id=?
2026-08-18T00:09:16.008+05:30 DEBUG 10876 --- [backend] [nio-8083-exec-3] org.hibernate.SQL                        : select u1_0.id,u1_0.created_at,u1_0.is_active,u1_0.name,u1_0.password_hash,u1_0.phone_number,u1_0.profile_completed,u1_0.role from users u1_0 where u1_0.id=?
Hibernate: select u1_0.id,u1_0.created_at,u1_0.is_active,u1_0.name,u1_0.password_hash,u1_0.phone_number,u1_0.profile_completed,u1_0.role from users u1_0 where u1_0.id=?
2026-08-18T00:09:16.043+05:30 DEBUG 10876 --- [backend] [nio-8083-exec-3] org.hibernate.SQL                        : select c1_0.id,c1_0.address,c1_0.created_at,c1_0.credit_balance,c1_0.credit_limit,c1_0.customer_name,c1_0.email,c1_0.gst_number,c1_0.phone,c1_0.status from customers c1_0
Hibernate: select c1_0.id,c1_0.address,c1_0.created_at,c1_0.credit_balance,c1_0.credit_limit,c1_0.customer_name,c1_0.email,c1_0.gst_number,c1_0.phone,c1_0.status from customers c1_0
2026-08-18T00:09:17.383+05:30 DEBUG 10876 --- [backend] [nio-8083-exec-6] org.hibernate.SQL                        : select u1_0.id,u1_0.created_at,u1_0.is_active,u1_0.name,u1_0.password_hash,u1_0.phone_number,u1_0.profile_completed,u1_0.role from users u1_0 where u1_0.id=?
Hibernate: select u1_0.id,u1_0.created_at,u1_0.is_active,u1_0.name,u1_0.password_hash,u1_0.phone_number,u1_0.profile_completed,u1_0.role from users u1_0 where u1_0.id=?
2026-08-18T00:09:17.413+05:30 DEBUG 10876 --- [backend] [nio-8083-exec-6] org.hibernate.SQL                        : select u1_0.id,u1_0.created_at,u1_0.is_active,u1_0.name,u1_0.password_hash,u1_0.phone_number,u1_0.profile_completed,u1_0.role from users u1_0 where u1_0.id=?
Hibernate: select u1_0.id,u1_0.created_at,u1_0.is_active,u1_0.name,u1_0.password_hash,u1_0.phone_number,u1_0.profile_completed,u1_0.role from users u1_0 where u1_0.id=?
2026-08-18T00:09:19.958+05:30 DEBUG 10876 --- [backend] [nio-8083-exec-5] org.hibernate.SQL                        : select u1_0.id,u1_0.created_at,u1_0.is_active,u1_0.name,u1_0.password_hash,u1_0.phone_number,u1_0.profile_completed,u1_0.role from users u1_0 where u1_0.id=?
2026-08-18T00:09:19.965+05:30 DEBUG 10876 --- [backend] [nio-8083-exec-4] org.hibernate.SQL                        : select u1_0.id,u1_0.created_at,u1_0.is_active,u1_0.name,u1_0.password_hash,u1_0.phone_number,u1_0.profile_completed,u1_0.role from users u1_0 where u1_0.id=?
Hibernate: select u1_0.id,u1_0.created_at,u1_0.is_active,u1_0.name,u1_0.password_hash,u1_0.phone_number,u1_0.profile_completed,u1_0.role from users u1_0 where u1_0.id=?
Hibernate: select u1_0.id,u1_0.created_at,u1_0.is_active,u1_0.name,u1_0.password_hash,u1_0.phone_number,u1_0.profile_completed,u1_0.role from users u1_0 where u1_0.id=?
2026-08-18T00:09:19.988+05:30 DEBUG 10876 --- [backend] [nio-8083-exec-4] org.hibernate.SQL                        : select u1_0.id,u1_0.created_at,u1_0.is_active,u1_0.name,u1_0.password_hash,u1_0.phone_number,u1_0.profile_completed,u1_0.role from users u1_0 where u1_0.id=?
Hibernate: select u1_0.id,u1_0.created_at,u1_0.is_active,u1_0.name,u1_0.password_hash,u1_0.phone_number,u1_0.profile_completed,u1_0.role from users u1_0 where u1_0.id=?
2026-08-18T00:09:19.988+05:30 DEBUG 10876 --- [backend] [nio-8083-exec-5] org.hibernate.SQL                        : select u1_0.id,u1_0.created_at,u1_0.is_active,u1_0.name,u1_0.password_hash,u1_0.phone_number,u1_0.profile_completed,u1_0.role from users u1_0
Hibernate: select u1_0.id,u1_0.created_at,u1_0.is_active,u1_0.name,u1_0.password_hash,u1_0.phone_number,u1_0.profile_completed,u1_0.role from users u1_0
2026-08-18T00:09:38.620+05:30 DEBUG 10876 --- [backend] [nio-8083-exec-8] org.hibernate.SQL                        : select u1_0.id,u1_0.created_at,u1_0.is_active,u1_0.name,u1_0.password_hash,u1_0.phone_number,u1_0.profile_completed,u1_0.role from users u1_0 where u1_0.id=?
Hibernate: select u1_0.id,u1_0.created_at,u1_0.is_active,u1_0.name,u1_0.password_hash,u1_0.phone_number,u1_0.profile_completed,u1_0.role from users u1_0 where u1_0.id=?
2026-08-18T00:09:38.662+05:30 DEBUG 10876 --- [backend] [nio-8083-exec-8] org.hibernate.SQL                        : select u1_0.id,u1_0.created_at,u1_0.is_active,u1_0.name,u1_0.password_hash,u1_0.phone_number,u1_0.profile_completed,u1_0.role from users u1_0 where u1_0.id=?
Hibernate: select u1_0.id,u1_0.created_at,u1_0.is_active,u1_0.name,u1_0.password_hash,u1_0.phone_number,u1_0.profile_completed,u1_0.role from users u1_0 where u1_0.id=?
2026-08-18T00:09:38.700+05:30 DEBUG 10876 --- [backend] [nio-8083-exec-8] org.hibernate.SQL                        : update users set created_at=?,is_active=?,name=?,password_hash=?,phone_number=?,profile_completed=?,role=? where id=?
Hibernate: update users set created_at=?,is_active=?,name=?,password_hash=?,phone_number=?,profile_completed=?,role=? where id=?
2026-08-18T00:09:38.779+05:30 DEBUG 10876 --- [backend] [nio-8083-exec-9] org.hibernate.SQL                        : select u1_0.id,u1_0.created_at,u1_0.is_active,u1_0.name,u1_0.password_hash,u1_0.phone_number,u1_0.profile_completed,u1_0.role from users u1_0 where u1_0.id=?
Hibernate: select u1_0.id,u1_0.created_at,u1_0.is_active,u1_0.name,u1_0.password_hash,u1_0.phone_number,u1_0.profile_completed,u1_0.role from users u1_0 where u1_0.id=?
2026-08-18T00:09:38.795+05:30 DEBUG 10876 --- [backend] [nio-8083-exec-9] org.hibernate.SQL                        : select u1_0.id,u1_0.created_at,u1_0.is_active,u1_0.name,u1_0.password_hash,u1_0.phone_number,u1_0.profile_completed,u1_0.role from users u1_0
Hibernate: select u1_0.id,u1_0.created_at,u1_0.is_active,u1_0.name,u1_0.password_hash,u1_0.phone_number,u1_0.profile_completed,u1_0.role from users u1_0
2026-08-18T00:09:52.026+05:30 DEBUG 10876 --- [backend] [io-8083-exec-10] org.hibernate.SQL                        : select u1_0.id,u1_0.created_at,u1_0.is_active,u1_0.name,u1_0.password_hash,u1_0.phone_number,u1_0.profile_completed,u1_0.role from users u1_0 where u1_0.id=?
Hibernate: select u1_0.id,u1_0.created_at,u1_0.is_active,u1_0.name,u1_0.password_hash,u1_0.phone_number,u1_0.profile_completed,u1_0.role from users u1_0 where u1_0.id=?
2026-08-18T00:09:52.060+05:30 DEBUG 10876 --- [backend] [io-8083-exec-10] org.hibernate.SQL                        : select u1_0.id,u1_0.created_at,u1_0.is_active,u1_0.name,u1_0.password_hash,u1_0.phone_number,u1_0.profile_completed,u1_0.role from users u1_0 where u1_0.id=?
Hibernate: select u1_0.id,u1_0.created_at,u1_0.is_active,u1_0.name,u1_0.password_hash,u1_0.phone_number,u1_0.profile_completed,u1_0.role from users u1_0 where u1_0.id=?
2026-08-18T00:09:52.065+05:30 DEBUG 10876 --- [backend] [io-8083-exec-10] org.hibernate.SQL                        : update users set created_at=?,is_active=?,name=?,password_hash=?,phone_number=?,profile_completed=?,role=? where id=?
Hibernate: update users set created_at=?,is_active=?,name=?,password_hash=?,phone_number=?,profile_completed=?,role=? where id=?
2026-08-18T00:09:52.129+05:30 DEBUG 10876 --- [backend] [nio-8083-exec-1] org.hibernate.SQL                        : select u1_0.id,u1_0.created_at,u1_0.is_active,u1_0.name,u1_0.password_hash,u1_0.phone_number,u1_0.profile_completed,u1_0.role from users u1_0 where u1_0.id=?
Hibernate: select u1_0.id,u1_0.created_at,u1_0.is_active,u1_0.name,u1_0.password_hash,u1_0.phone_number,u1_0.profile_completed,u1_0.role from users u1_0 where u1_0.id=?
2026-08-18T00:09:52.138+05:30 DEBUG 10876 --- [backend] [nio-8083-exec-1] org.hibernate.SQL                        : select u1_0.id,u1_0.created_at,u1_0.is_active,u1_0.name,u1_0.password_hash,u1_0.phone_number,u1_0.profile_completed,u1_0.role from users u1_0
Hibernate: select u1_0.id,u1_0.created_at,u1_0.is_active,u1_0.name,u1_0.password_hash,u1_0.phone_number,u1_0.profile_completed,u1_0.role from users u1_0
2026-08-18T00:09:55.052+05:30 DEBUG 10876 --- [backend] [nio-8083-exec-7] org.hibernate.SQL                        : select u1_0.id,u1_0.created_at,u1_0.is_active,u1_0.name,u1_0.password_hash,u1_0.phone_number,u1_0.profile_completed,u1_0.role from users u1_0 where u1_0.id=?
Hibernate: select u1_0.id,u1_0.created_at,u1_0.is_active,u1_0.name,u1_0.password_hash,u1_0.phone_number,u1_0.profile_completed,u1_0.role from users u1_0 where u1_0.id=?
2026-08-18T00:09:55.078+05:30 DEBUG 10876 --- [backend] [nio-8083-exec-7] org.hibernate.SQL                        : select u1_0.id,u1_0.created_at,u1_0.is_active,u1_0.name,u1_0.password_hash,u1_0.phone_number,u1_0.profile_completed,u1_0.role from users u1_0 where u1_0.id=?
Hibernate: select u1_0.id,u1_0.created_at,u1_0.is_active,u1_0.name,u1_0.password_hash,u1_0.phone_number,u1_0.profile_completed,u1_0.role from users u1_0 where u1_0.id=?
2026-08-18T00:10:07.077+05:30 DEBUG 10876 --- [backend] [nio-8083-exec-2] org.hibernate.SQL                        : select u1_0.id,u1_0.created_at,u1_0.is_active,u1_0.name,u1_0.password_hash,u1_0.phone_number,u1_0.profile_completed,u1_0.role from users u1_0 where u1_0.phone_number=?
Hibernate: select u1_0.id,u1_0.created_at,u1_0.is_active,u1_0.name,u1_0.password_hash,u1_0.phone_number,u1_0.profile_completed,u1_0.role from users u1_0 where u1_0.phone_number=?
2026-08-18T00:10:07.242+05:30 DEBUG 10876 --- [backend] [nio-8083-exec-3] org.hibernate.SQL                        : select u1_0.id,u1_0.created_at,u1_0.is_active,u1_0.name,u1_0.password_hash,u1_0.phone_number,u1_0.profile_completed,u1_0.role from users u1_0 where u1_0.id=?
Hibernate: select u1_0.id,u1_0.created_at,u1_0.is_active,u1_0.name,u1_0.password_hash,u1_0.phone_number,u1_0.profile_completed,u1_0.role from users u1_0 where u1_0.id=?
2026-08-18T00:10:07.265+05:30 DEBUG 10876 --- [backend] [nio-8083-exec-3] org.hibernate.SQL                        : select u1_0.id,u1_0.created_at,u1_0.is_active,u1_0.name,u1_0.password_hash,u1_0.phone_number,u1_0.profile_completed,u1_0.role from users u1_0 where u1_0.id=?
Hibernate: select u1_0.id,u1_0.created_at,u1_0.is_active,u1_0.name,u1_0.password_hash,u1_0.phone_number,u1_0.profile_completed,u1_0.role from users u1_0 where u1_0.id=?
2026-08-18T00:10:07.464+05:30 DEBUG 10876 --- [backend] [nio-8083-exec-6] org.hibernate.SQL                        : select u1_0.id,u1_0.created_at,u1_0.is_active,u1_0.name,u1_0.password_hash,u1_0.phone_number,u1_0.profile_completed,u1_0.role from users u1_0 where u1_0.id=?
Hibernate: select u1_0.id,u1_0.created_at,u1_0.is_active,u1_0.name,u1_0.password_hash,u1_0.phone_number,u1_0.profile_completed,u1_0.role from users u1_0 where u1_0.id=?
2026-08-18T00:10:07.464+05:30 DEBUG 10876 --- [backend] [nio-8083-exec-4] org.hibernate.SQL                        : select u1_0.id,u1_0.created_at,u1_0.is_active,u1_0.name,u1_0.password_hash,u1_0.phone_number,u1_0.profile_completed,u1_0.role from users u1_0 where u1_0.id=?
Hibernate: select u1_0.id,u1_0.created_at,u1_0.is_active,u1_0.name,u1_0.password_hash,u1_0.phone_number,u1_0.profile_completed,u1_0.role from users u1_0 where u1_0.id=?
2026-08-18T00:10:07.493+05:30 DEBUG 10876 --- [backend] [nio-8083-exec-4] org.hibernate.SQL                        : select u1_0.id,u1_0.created_at,u1_0.is_active,u1_0.name,u1_0.password_hash,u1_0.phone_number,u1_0.profile_completed,u1_0.role from users u1_0 where u1_0.id=?
Hibernate: select u1_0.id,u1_0.created_at,u1_0.is_active,u1_0.name,u1_0.password_hash,u1_0.phone_number,u1_0.profile_completed,u1_0.role from users u1_0 where u1_0.id=?
2026-08-18T00:10:07.493+05:30 DEBUG 10876 --- [backend] [nio-8083-exec-6] org.hibernate.SQL                        : select u1_0.id,u1_0.created_at,u1_0.is_active,u1_0.name,u1_0.password_hash,u1_0.phone_number,u1_0.profile_completed,u1_0.role from users u1_0 where u1_0.id=?
Hibernate: select u1_0.id,u1_0.created_at,u1_0.is_active,u1_0.name,u1_0.password_hash,u1_0.phone_number,u1_0.profile_completed,u1_0.role from users u1_0 where u1_0.id=?
2026-08-18T00:10:07.525+05:30 DEBUG 10876 --- [backend] [nio-8083-exec-5] org.hibernate.SQL                        : select u1_0.id,u1_0.created_at,u1_0.is_active,u1_0.name,u1_0.password_hash,u1_0.phone_number,u1_0.profile_completed,u1_0.role from users u1_0 where u1_0.id=?
Hibernate: select u1_0.id,u1_0.created_at,u1_0.is_active,u1_0.name,u1_0.password_hash,u1_0.phone_number,u1_0.profile_completed,u1_0.role from users u1_0 where u1_0.id=?
2026-08-18T00:10:10.951+05:30 DEBUG 10876 --- [backend] [nio-8083-exec-8] org.hibernate.SQL                        : select u1_0.id,u1_0.created_at,u1_0.is_active,u1_0.name,u1_0.password_hash,u1_0.phone_number,u1_0.profile_completed,u1_0.role from users u1_0 where u1_0.id=?
Hibernate: select u1_0.id,u1_0.created_at,u1_0.is_active,u1_0.name,u1_0.password_hash,u1_0.phone_number,u1_0.profile_completed,u1_0.role from users u1_0 where u1_0.id=?
2026-08-18T00:10:12.919+05:30 DEBUG 10876 --- [backend] [nio-8083-exec-9] org.hibernate.SQL                        : select u1_0.id,u1_0.created_at,u1_0.is_active,u1_0.name,u1_0.password_hash,u1_0.phone_number,u1_0.profile_completed,u1_0.role from users u1_0 where u1_0.id=?
Hibernate: select u1_0.id,u1_0.created_at,u1_0.is_active,u1_0.name,u1_0.password_hash,u1_0.phone_number,u1_0.profile_completed,u1_0.role from users u1_0 where u1_0.id=?
2026-08-18T00:10:12.952+05:30 DEBUG 10876 --- [backend] [nio-8083-exec-9] org.hibernate.SQL                        : select u1_0.id,u1_0.created_at,u1_0.is_active,u1_0.name,u1_0.password_hash,u1_0.phone_number,u1_0.profile_completed,u1_0.role from users u1_0 where u1_0.id=?
Hibernate: select u1_0.id,u1_0.created_at,u1_0.is_active,u1_0.name,u1_0.password_hash,u1_0.phone_number,u1_0.profile_completed,u1_0.role from users u1_0 where u1_0.id=?
2026-08-18T00:10:13.010+05:30 DEBUG 10876 --- [backend] [io-8083-exec-10] org.hibernate.SQL                        : select u1_0.id,u1_0.created_at,u1_0.is_active,u1_0.name,u1_0.password_hash,u1_0.phone_number,u1_0.profile_completed,u1_0.role from users u1_0 where u1_0.id=?
Hibernate: select u1_0.id,u1_0.created_at,u1_0.is_active,u1_0.name,u1_0.password_hash,u1_0.phone_number,u1_0.profile_completed,u1_0.role from users u1_0 where u1_0.id=?
2026-08-18T00:10:15.562+05:30 DEBUG 10876 --- [backend] [nio-8083-exec-1] org.hibernate.SQL                        : select u1_0.id,u1_0.created_at,u1_0.is_active,u1_0.name,u1_0.password_hash,u1_0.phone_number,u1_0.profile_completed,u1_0.role from users u1_0 where u1_0.id=?
Hibernate: select u1_0.id,u1_0.created_at,u1_0.is_active,u1_0.name,u1_0.password_hash,u1_0.phone_number,u1_0.profile_completed,u1_0.role from users u1_0 where u1_0.id=?
2026-08-18T00:10:17.776+05:30 DEBUG 10876 --- [backend] [nio-8083-exec-7] org.hibernate.SQL                        : select u1_0.id,u1_0.created_at,u1_0.is_active,u1_0.name,u1_0.password_hash,u1_0.phone_number,u1_0.profile_completed,u1_0.role from users u1_0 where u1_0.id=?
Hibernate: select u1_0.id,u1_0.created_at,u1_0.is_active,u1_0.name,u1_0.password_hash,u1_0.phone_number,u1_0.profile_completed,u1_0.role from users u1_0 where u1_0.id=?
2026-08-18T00:10:19.349+05:30 DEBUG 10876 --- [backend] [nio-8083-exec-2] org.hibernate.SQL                        : select u1_0.id,u1_0.created_at,u1_0.is_active,u1_0.name,u1_0.password_hash,u1_0.phone_number,u1_0.profile_completed,u1_0.role from users u1_0 where u1_0.id=?
Hibernate: select u1_0.id,u1_0.created_at,u1_0.is_active,u1_0.name,u1_0.password_hash,u1_0.phone_number,u1_0.profile_completed,u1_0.role from users u1_0 where u1_0.id=?
2026-08-18T00:10:19.352+05:30 DEBUG 10876 --- [backend] [nio-8083-exec-3] org.hibernate.SQL                        : select u1_0.id,u1_0.created_at,u1_0.is_active,u1_0.name,u1_0.password_hash,u1_0.phone_number,u1_0.profile_completed,u1_0.role from users u1_0 where u1_0.id=?
Hibernate: select u1_0.id,u1_0.created_at,u1_0.is_active,u1_0.name,u1_0.password_hash,u1_0.phone_number,u1_0.profile_completed,u1_0.role from users u1_0 where u1_0.id=?
2026-08-18T00:10:19.379+05:30 DEBUG 10876 --- [backend] [nio-8083-exec-2] org.hibernate.SQL                        : select u1_0.id,u1_0.created_at,u1_0.is_active,u1_0.name,u1_0.password_hash,u1_0.phone_number,u1_0.profile_completed,u1_0.role from users u1_0 where u1_0.id=?
2026-08-18T00:10:19.379+05:30 DEBUG 10876 --- [backend] [nio-8083-exec-3] org.hibernate.SQL                        : select u1_0.id,u1_0.created_at,u1_0.is_active,u1_0.name,u1_0.password_hash,u1_0.phone_number,u1_0.profile_completed,u1_0.role from users u1_0 where u1_0.id=?
Hibernate: select u1_0.id,u1_0.created_at,u1_0.is_active,u1_0.name,u1_0.password_hash,u1_0.phone_number,u1_0.profile_completed,u1_0.role from users u1_0 where u1_0.id=?
Hibernate: select u1_0.id,u1_0.created_at,u1_0.is_active,u1_0.name,u1_0.password_hash,u1_0.phone_number,u1_0.profile_completed,u1_0.role from users u1_0 where u1_0.id=?
2026-08-18T00:10:22.378+05:30 DEBUG 10876 --- [backend] [nio-8083-exec-4] org.hibernate.SQL                        : select u1_0.id,u1_0.created_at,u1_0.is_active,u1_0.name,u1_0.password_hash,u1_0.phone_number,u1_0.profile_completed,u1_0.role from users u1_0 where u1_0.id=?
Hibernate: select u1_0.id,u1_0.created_at,u1_0.is_active,u1_0.name,u1_0.password_hash,u1_0.phone_number,u1_0.profile_completed,u1_0.role from users u1_0 where u1_0.id=?
2026-08-18T00:10:23.925+05:30 DEBUG 10876 --- [backend] [nio-8083-exec-6] org.hibernate.SQL                        : select u1_0.id,u1_0.created_at,u1_0.is_active,u1_0.name,u1_0.password_hash,u1_0.phone_number,u1_0.profile_completed,u1_0.role from users u1_0 where u1_0.id=?
Hibernate: select u1_0.id,u1_0.created_at,u1_0.is_active,u1_0.name,u1_0.password_hash,u1_0.phone_number,u1_0.profile_completed,u1_0.role from users u1_0 where u1_0.id=?
2026-08-18T00:10:23.954+05:30 DEBUG 10876 --- [backend] [nio-8083-exec-6] org.hibernate.SQL                        : select u1_0.id,u1_0.created_at,u1_0.is_active,u1_0.name,u1_0.password_hash,u1_0.phone_number,u1_0.profile_completed,u1_0.role from users u1_0 where u1_0.id=?
Hibernate: select u1_0.id,u1_0.created_at,u1_0.is_active,u1_0.name,u1_0.password_hash,u1_0.phone_number,u1_0.profile_completed,u1_0.role from users u1_0 where u1_0.id=?
2026-08-18T00:10:25.011+05:30 DEBUG 10876 --- [backend] [nio-8083-exec-5] org.hibernate.SQL                        : select u1_0.id,u1_0.created_at,u1_0.is_active,u1_0.name,u1_0.password_hash,u1_0.phone_number,u1_0.profile_completed,u1_0.role from users u1_0 where u1_0.id=?
Hibernate: select u1_0.id,u1_0.created_at,u1_0.is_active,u1_0.name,u1_0.password_hash,u1_0.phone_number,u1_0.profile_completed,u1_0.role from users u1_0 where u1_0.id=?
2026-08-18T00:10:26.888+05:30 DEBUG 10876 --- [backend] [nio-8083-exec-8] org.hibernate.SQL                        : select u1_0.id,u1_0.created_at,u1_0.is_active,u1_0.name,u1_0.password_hash,u1_0.phone_number,u1_0.profile_completed,u1_0.role from users u1_0 where u1_0.id=?
Hibernate: select u1_0.id,u1_0.created_at,u1_0.is_active,u1_0.name,u1_0.password_hash,u1_0.phone_number,u1_0.profile_completed,u1_0.role from users u1_0 where u1_0.id=?
2026-08-18T00:10:26.896+05:30 DEBUG 10876 --- [backend] [nio-8083-exec-8] org.hibernate.SQL                        : select u1_0.id,u1_0.created_at,u1_0.is_active,u1_0.name,u1_0.password_hash,u1_0.phone_number,u1_0.profile_completed,u1_0.role from users u1_0 where u1_0.id=?
Hibernate: select u1_0.id,u1_0.created_at,u1_0.is_active,u1_0.name,u1_0.password_hash,u1_0.phone_number,u1_0.profile_completed,u1_0.role from users u1_0 where u1_0.id=?
2026-08-18T00:10:27.671+05:30 DEBUG 10876 --- [backend] [io-8083-exec-10] org.hibernate.SQL                        : select u1_0.id,u1_0.created_at,u1_0.is_active,u1_0.name,u1_0.password_hash,u1_0.phone_number,u1_0.profile_completed,u1_0.role from users u1_0 where u1_0.id=?
Hibernate: select u1_0.id,u1_0.created_at,u1_0.is_active,u1_0.name,u1_0.password_hash,u1_0.phone_number,u1_0.profile_completed,u1_0.role from users u1_0 where u1_0.id=?
2026-08-18T00:10:27.678+05:30 DEBUG 10876 --- [backend] [nio-8083-exec-9] org.hibernate.SQL                        : select u1_0.id,u1_0.created_at,u1_0.is_active,u1_0.name,u1_0.password_hash,u1_0.phone_number,u1_0.profile_completed,u1_0.role from users u1_0 where u1_0.id=?
Hibernate: select u1_0.id,u1_0.created_at,u1_0.is_active,u1_0.name,u1_0.password_hash,u1_0.phone_number,u1_0.profile_completed,u1_0.role from users u1_0 where u1_0.id=?
2026-08-18T00:10:27.688+05:30 DEBUG 10876 --- [backend] [nio-8083-exec-1] org.hibernate.SQL                        : select u1_0.id,u1_0.created_at,u1_0.is_active,u1_0.name,u1_0.password_hash,u1_0.phone_number,u1_0.profile_completed,u1_0.role from users u1_0 where u1_0.id=?
2026-08-18T00:10:27.689+05:30 DEBUG 10876 --- [backend] [nio-8083-exec-7] org.hibernate.SQL                        : select u1_0.id,u1_0.created_at,u1_0.is_active,u1_0.name,u1_0.password_hash,u1_0.phone_number,u1_0.profile_completed,u1_0.role from users u1_0 where u1_0.id=?
Hibernate: select u1_0.id,u1_0.created_at,u1_0.is_active,u1_0.name,u1_0.password_hash,u1_0.phone_number,u1_0.profile_completed,u1_0.role from users u1_0 where u1_0.id=?
Hibernate: select u1_0.id,u1_0.created_at,u1_0.is_active,u1_0.name,u1_0.password_hash,u1_0.phone_number,u1_0.profile_completed,u1_0.role from users u1_0 where u1_0.id=?
2026-08-18T00:10:28.976+05:30 DEBUG 10876 --- [backend] [nio-8083-exec-2] org.hibernate.SQL                        : select u1_0.id,u1_0.created_at,u1_0.is_active,u1_0.name,u1_0.password_hash,u1_0.phone_number,u1_0.profile_completed,u1_0.role from users u1_0 where u1_0.id=?
Hibernate: select u1_0.id,u1_0.created_at,u1_0.is_active,u1_0.name,u1_0.password_hash,u1_0.phone_number,u1_0.profile_completed,u1_0.role from users u1_0 where u1_0.id=?
2026-08-18T00:10:28.995+05:30 DEBUG 10876 --- [backend] [nio-8083-exec-2] org.hibernate.SQL                        : select u1_0.id,u1_0.created_at,u1_0.is_active,u1_0.name,u1_0.password_hash,u1_0.phone_number,u1_0.profile_completed,u1_0.role from users u1_0 where u1_0.id=?
Hibernate: select u1_0.id,u1_0.created_at,u1_0.is_active,u1_0.name,u1_0.password_hash,u1_0.phone_number,u1_0.profile_completed,u1_0.role from users u1_0 where u1_0.id=?
2026-08-18T00:10:30.275+05:30 DEBUG 10876 --- [backend] [nio-8083-exec-3] org.hibernate.SQL                        : select u1_0.id,u1_0.created_at,u1_0.is_active,u1_0.name,u1_0.password_hash,u1_0.phone_number,u1_0.profile_completed,u1_0.role from users u1_0 where u1_0.id=?
Hibernate: select u1_0.id,u1_0.created_at,u1_0.is_active,u1_0.name,u1_0.password_hash,u1_0.phone_number,u1_0.profile_completed,u1_0.role from users u1_0 where u1_0.id=?
2026-08-18T00:10:31.820+05:30 DEBUG 10876 --- [backend] [nio-8083-exec-4] org.hibernate.SQL                        : select u1_0.id,u1_0.created_at,u1_0.is_active,u1_0.name,u1_0.password_hash,u1_0.phone_number,u1_0.profile_completed,u1_0.role from users u1_0 where u1_0.id=?
Hibernate: select u1_0.id,u1_0.created_at,u1_0.is_active,u1_0.name,u1_0.password_hash,u1_0.phone_number,u1_0.profile_completed,u1_0.role from users u1_0 where u1_0.id=?
2026-08-18T00:10:31.854+05:30 DEBUG 10876 --- [backend] [nio-8083-exec-4] org.hibernate.SQL                        : select u1_0.id,u1_0.created_at,u1_0.is_active,u1_0.name,u1_0.password_hash,u1_0.phone_number,u1_0.profile_completed,u1_0.role from users u1_0 where u1_0.id=?
Hibernate: select u1_0.id,u1_0.created_at,u1_0.is_active,u1_0.name,u1_0.password_hash,u1_0.phone_number,u1_0.profile_completed,u1_0.role from users u1_0 where u1_0.id=?
2026-08-18T00:10:45.198+05:30 DEBUG 10876 --- [backend] [nio-8083-exec-6] org.hibernate.SQL                        : select u1_0.id,u1_0.created_at,u1_0.is_active,u1_0.name,u1_0.password_hash,u1_0.phone_number,u1_0.profile_completed,u1_0.role from users u1_0 where u1_0.phone_number=?
Hibernate: select u1_0.id,u1_0.created_at,u1_0.is_active,u1_0.name,u1_0.password_hash,u1_0.phone_number,u1_0.profile_completed,u1_0.role from users u1_0 where u1_0.phone_number=?
2026-08-18T00:10:45.388+05:30 DEBUG 10876 --- [backend] [nio-8083-exec-5] org.hibernate.SQL                        : select u1_0.id,u1_0.created_at,u1_0.is_active,u1_0.name,u1_0.password_hash,u1_0.phone_number,u1_0.profile_completed,u1_0.role from users u1_0 where u1_0.id=?
Hibernate: select u1_0.id,u1_0.created_at,u1_0.is_active,u1_0.name,u1_0.password_hash,u1_0.phone_number,u1_0.profile_completed,u1_0.role from users u1_0 where u1_0.id=?
2026-08-18T00:10:45.417+05:30 DEBUG 10876 --- [backend] [nio-8083-exec-5] org.hibernate.SQL                        : select u1_0.id,u1_0.created_at,u1_0.is_active,u1_0.name,u1_0.password_hash,u1_0.phone_number,u1_0.profile_completed,u1_0.role from users u1_0 where u1_0.id=?
Hibernate: select u1_0.id,u1_0.created_at,u1_0.is_active,u1_0.name,u1_0.password_hash,u1_0.phone_number,u1_0.profile_completed,u1_0.role from users u1_0 where u1_0.id=?
2026-08-18T00:10:45.646+05:30 DEBUG 10876 --- [backend] [nio-8083-exec-8] org.hibernate.SQL                        : select u1_0.id,u1_0.created_at,u1_0.is_active,u1_0.name,u1_0.password_hash,u1_0.phone_number,u1_0.profile_completed,u1_0.role from users u1_0 where u1_0.id=?
2026-08-18T00:10:45.651+05:30 DEBUG 10876 --- [backend] [nio-8083-exec-9] org.hibernate.SQL                        : select u1_0.id,u1_0.created_at,u1_0.is_active,u1_0.name,u1_0.password_hash,u1_0.phone_number,u1_0.profile_completed,u1_0.role from users u1_0 where u1_0.id=?
Hibernate: select u1_0.id,u1_0.created_at,u1_0.is_active,u1_0.name,u1_0.password_hash,u1_0.phone_number,u1_0.profile_completed,u1_0.role from users u1_0 where u1_0.id=?
Hibernate: select u1_0.id,u1_0.created_at,u1_0.is_active,u1_0.name,u1_0.password_hash,u1_0.phone_number,u1_0.profile_completed,u1_0.role from users u1_0 where u1_0.id=?
2026-08-18T00:10:45.680+05:30 DEBUG 10876 --- [backend] [nio-8083-exec-9] org.hibernate.SQL                        : select u1_0.id,u1_0.created_at,u1_0.is_active,u1_0.name,u1_0.password_hash,u1_0.phone_number,u1_0.profile_completed,u1_0.role from users u1_0 where u1_0.id=?
2026-08-18T00:10:45.680+05:30 DEBUG 10876 --- [backend] [nio-8083-exec-8] org.hibernate.SQL                        : select u1_0.id,u1_0.created_at,u1_0.is_active,u1_0.name,u1_0.password_hash,u1_0.phone_number,u1_0.profile_completed,u1_0.role from users u1_0 where u1_0.id=?
Hibernate: select u1_0.id,u1_0.created_at,u1_0.is_active,u1_0.name,u1_0.password_hash,u1_0.phone_number,u1_0.profile_completed,u1_0.role from users u1_0 where u1_0.id=?
Hibernate: select u1_0.id,u1_0.created_at,u1_0.is_active,u1_0.name,u1_0.password_hash,u1_0.phone_number,u1_0.profile_completed,u1_0.role from users u1_0 where u1_0.id=?
2026-08-18T00:10:45.756+05:30 DEBUG 10876 --- [backend] [io-8083-exec-10] org.hibernate.SQL                        : select u1_0.id,u1_0.created_at,u1_0.is_active,u1_0.name,u1_0.password_hash,u1_0.phone_number,u1_0.profile_completed,u1_0.role from users u1_0 where u1_0.id=?
Hibernate: select u1_0.id,u1_0.created_at,u1_0.is_active,u1_0.name,u1_0.password_hash,u1_0.phone_number,u1_0.profile_completed,u1_0.role from users u1_0 where u1_0.id=?
2026-08-18T00:10:45.767+05:30 DEBUG 10876 --- [backend] [io-8083-exec-10] org.hibernate.SQL                        : select coalesce(sum(p1_0.stock),0) from products p1_0 where p1_0.status='ACTIVE'
Hibernate: select coalesce(sum(p1_0.stock),0) from products p1_0 where p1_0.status='ACTIVE'
2026-08-18T00:10:45.771+05:30 DEBUG 10876 --- [backend] [io-8083-exec-10] org.hibernate.SQL                        : select count(p1_0.id) from products p1_0 where p1_0.stock<p1_0.minimum_stock and p1_0.status='ACTIVE'
Hibernate: select count(p1_0.id) from products p1_0 where p1_0.stock<p1_0.minimum_stock and p1_0.status='ACTIVE'
2026-08-18T00:10:45.774+05:30 DEBUG 10876 --- [backend] [io-8083-exec-10] org.hibernate.SQL                        : select coalesce(sum(si1_0.quantity),0) from sales_items si1_0 join sales s1_0 on s1_0.id=si1_0.sale_id where s1_0.sale_date between ? and ?
Hibernate: select coalesce(sum(si1_0.quantity),0) from sales_items si1_0 join sales s1_0 on s1_0.id=si1_0.sale_id where s1_0.sale_date between ? and ?
2026-08-18T00:10:45.781+05:30 DEBUG 10876 --- [backend] [io-8083-exec-10] org.hibernate.SQL                        : select coalesce(sum(s1_0.grand_total),0) from sales s1_0 where s1_0.sale_date between ? and ?
Hibernate: select coalesce(sum(s1_0.grand_total),0) from sales s1_0 where s1_0.sale_date between ? and ?
2026-08-18T00:10:45.785+05:30 DEBUG 10876 --- [backend] [io-8083-exec-10] org.hibernate.SQL                        : select coalesce(sum(s1_0.grand_total),0) from sales s1_0 where s1_0.payment_mode=?
Hibernate: select coalesce(sum(s1_0.grand_total),0) from sales s1_0 where s1_0.payment_mode=?
2026-08-18T00:10:45.789+05:30 DEBUG 10876 --- [backend] [io-8083-exec-10] org.hibernate.SQL                        : select count(s1_0.id) from suppliers s1_0 where s1_0.status=?
Hibernate: select count(s1_0.id) from suppliers s1_0 where s1_0.status=?
2026-08-18T00:10:45.793+05:30 DEBUG 10876 --- [backend] [io-8083-exec-10] org.hibernate.SQL                        : select s1_0.id,s1_0.bill_number,s1_0.cgst,s1_0.created_at,s1_0.customer_id,s1_0.customer_name,s1_0.discount,s1_0.grand_total,s1_0.igst,s1_0.payment_mode,s1_0.sale_date,s1_0.sgst,s1_0.total from sales s1_0 order by s1_0.sale_date desc limit ?
Hibernate: select s1_0.id,s1_0.bill_number,s1_0.cgst,s1_0.created_at,s1_0.customer_id,s1_0.customer_name,s1_0.discount,s1_0.grand_total,s1_0.igst,s1_0.payment_mode,s1_0.sale_date,s1_0.sgst,s1_0.total from sales s1_0 order by s1_0.sale_date desc limit ?
2026-08-18T00:10:45.793+05:30 DEBUG 10876 --- [backend] [io-8083-exec-10] org.hibernate.SQL                        : select c1_0.id,c1_0.address,c1_0.created_at,c1_0.credit_balance,c1_0.credit_limit,c1_0.customer_name,c1_0.email,c1_0.gst_number,c1_0.phone,c1_0.status from customers c1_0 where c1_0.id=?
Hibernate: select c1_0.id,c1_0.address,c1_0.created_at,c1_0.credit_balance,c1_0.credit_limit,c1_0.customer_name,c1_0.email,c1_0.gst_number,c1_0.phone,c1_0.status from customers c1_0 where c1_0.id=?
2026-08-18T00:10:45.793+05:30 DEBUG 10876 --- [backend] [io-8083-exec-10] org.hibernate.SQL                        : select c1_0.id,c1_0.address,c1_0.created_at,c1_0.credit_balance,c1_0.credit_limit,c1_0.customer_name,c1_0.email,c1_0.gst_number,c1_0.phone,c1_0.status from customers c1_0 where c1_0.id=?
Hibernate: select c1_0.id,c1_0.address,c1_0.created_at,c1_0.credit_balance,c1_0.credit_limit,c1_0.customer_name,c1_0.email,c1_0.gst_number,c1_0.phone,c1_0.status from customers c1_0 where c1_0.id=?
2026-08-18T00:10:45.818+05:30 DEBUG 10876 --- [backend] [nio-8083-exec-1] org.hibernate.SQL                        : select u1_0.id,u1_0.created_at,u1_0.is_active,u1_0.name,u1_0.password_hash,u1_0.phone_number,u1_0.profile_completed,u1_0.role from users u1_0 where u1_0.id=?
Hibernate: select u1_0.id,u1_0.created_at,u1_0.is_active,u1_0.name,u1_0.password_hash,u1_0.phone_number,u1_0.profile_completed,u1_0.role from users u1_0 where u1_0.id=?
2026-08-18T00:10:45.834+05:30 DEBUG 10876 --- [backend] [nio-8083-exec-1] org.hibernate.SQL                        : select p1_0.id,p1_0.brand,p1_0.category,p1_0.created_at,p1_0.gst_rate,p1_0.hsn_code,p1_0.minimum_stock,p1_0.product_name,p1_0.purchase_price,p1_0.selling_price,p1_0.status,p1_0.stock,p1_0.unit,p1_0.version from products p1_0 where p1_0.status=?
Hibernate: select p1_0.id,p1_0.brand,p1_0.category,p1_0.created_at,p1_0.gst_rate,p1_0.hsn_code,p1_0.minimum_stock,p1_0.product_name,p1_0.purchase_price,p1_0.selling_price,p1_0.status,p1_0.stock,p1_0.unit,p1_0.version from products p1_0 where p1_0.status=?
2026-08-18T00:10:46.329+05:30 DEBUG 10876 --- [backend] [nio-8083-exec-2] org.hibernate.SQL                        : select u1_0.id,u1_0.created_at,u1_0.is_active,u1_0.name,u1_0.password_hash,u1_0.phone_number,u1_0.profile_completed,u1_0.role from users u1_0 where u1_0.id=?
Hibernate: select u1_0.id,u1_0.created_at,u1_0.is_active,u1_0.name,u1_0.password_hash,u1_0.phone_number,u1_0.profile_completed,u1_0.role from users u1_0 where u1_0.id=?
2026-08-18T00:10:46.334+05:30 DEBUG 10876 --- [backend] [nio-8083-exec-7] org.hibernate.SQL                        : select u1_0.id,u1_0.created_at,u1_0.is_active,u1_0.name,u1_0.password_hash,u1_0.phone_number,u1_0.profile_completed,u1_0.role from users u1_0 where u1_0.id=?
Hibernate: select u1_0.id,u1_0.created_at,u1_0.is_active,u1_0.name,u1_0.password_hash,u1_0.phone_number,u1_0.profile_completed,u1_0.role from users u1_0 where u1_0.id=?
2026-08-18T00:10:46.359+05:30 DEBUG 10876 --- [backend] [nio-8083-exec-2] org.hibernate.SQL                        : select u1_0.id,u1_0.created_at,u1_0.is_active,u1_0.name,u1_0.password_hash,u1_0.phone_number,u1_0.profile_completed,u1_0.role from users u1_0 where u1_0.id=?
Hibernate: select u1_0.id,u1_0.created_at,u1_0.is_active,u1_0.name,u1_0.password_hash,u1_0.phone_number,u1_0.profile_completed,u1_0.role from users u1_0 where u1_0.id=?
2026-08-18T00:10:46.359+05:30 DEBUG 10876 --- [backend] [nio-8083-exec-7] org.hibernate.SQL                        : select u1_0.id,u1_0.created_at,u1_0.is_active,u1_0.name,u1_0.password_hash,u1_0.phone_number,u1_0.profile_completed,u1_0.role from users u1_0 where u1_0.id=?
Hibernate: select u1_0.id,u1_0.created_at,u1_0.is_active,u1_0.name,u1_0.password_hash,u1_0.phone_number,u1_0.profile_completed,u1_0.role from users u1_0 where u1_0.id=?
2026-08-18T00:10:47.904+05:30 DEBUG 10876 --- [backend] [nio-8083-exec-3] org.hibernate.SQL                        : select u1_0.id,u1_0.created_at,u1_0.is_active,u1_0.name,u1_0.password_hash,u1_0.phone_number,u1_0.profile_completed,u1_0.role from users u1_0 where u1_0.id=?
Hibernate: select u1_0.id,u1_0.created_at,u1_0.is_active,u1_0.name,u1_0.password_hash,u1_0.phone_number,u1_0.profile_completed,u1_0.role from users u1_0 where u1_0.id=?
2026-08-18T00:10:47.908+05:30 DEBUG 10876 --- [backend] [nio-8083-exec-4] org.hibernate.SQL                        : select u1_0.id,u1_0.created_at,u1_0.is_active,u1_0.name,u1_0.password_hash,u1_0.phone_number,u1_0.profile_completed,u1_0.role from users u1_0 where u1_0.id=?
Hibernate: select u1_0.id,u1_0.created_at,u1_0.is_active,u1_0.name,u1_0.password_hash,u1_0.phone_number,u1_0.profile_completed,u1_0.role from users u1_0 where u1_0.id=?
2026-08-18T00:10:47.936+05:30 DEBUG 10876 --- [backend] [nio-8083-exec-3] org.hibernate.SQL                        : select u1_0.id,u1_0.created_at,u1_0.is_active,u1_0.name,u1_0.password_hash,u1_0.phone_number,u1_0.profile_completed,u1_0.role from users u1_0 where u1_0.id=?
Hibernate: select u1_0.id,u1_0.created_at,u1_0.is_active,u1_0.name,u1_0.password_hash,u1_0.phone_number,u1_0.profile_completed,u1_0.role from users u1_0 where u1_0.id=?
2026-08-18T00:10:47.938+05:30 DEBUG 10876 --- [backend] [nio-8083-exec-4] org.hibernate.SQL                        : select u1_0.id,u1_0.created_at,u1_0.is_active,u1_0.name,u1_0.password_hash,u1_0.phone_number,u1_0.profile_completed,u1_0.role from users u1_0
Hibernate: select u1_0.id,u1_0.created_at,u1_0.is_active,u1_0.name,u1_0.password_hash,u1_0.phone_number,u1_0.profile_completed,u1_0.role from users u1_0
2026-08-18T00:10:51.079+05:30 DEBUG 10876 --- [backend] [nio-8083-exec-6] org.hibernate.SQL                        : select u1_0.id,u1_0.created_at,u1_0.is_active,u1_0.name,u1_0.password_hash,u1_0.phone_number,u1_0.profile_completed,u1_0.role from users u1_0 where u1_0.id=?
Hibernate: select u1_0.id,u1_0.created_at,u1_0.is_active,u1_0.name,u1_0.password_hash,u1_0.phone_number,u1_0.profile_completed,u1_0.role from users u1_0 where u1_0.id=?
2026-08-18T00:10:51.111+05:30 DEBUG 10876 --- [backend] [nio-8083-exec-6] org.hibernate.SQL                        : select u1_0.id,u1_0.created_at,u1_0.is_active,u1_0.name,u1_0.password_hash,u1_0.phone_number,u1_0.profile_completed,u1_0.role from users u1_0 where u1_0.id=?
Hibernate: select u1_0.id,u1_0.created_at,u1_0.is_active,u1_0.name,u1_0.password_hash,u1_0.phone_number,u1_0.profile_completed,u1_0.role from users u1_0 where u1_0.id=?
2026-08-18T00:10:51.111+05:30 DEBUG 10876 --- [backend] [nio-8083-exec-6] org.hibernate.SQL                        : update users set created_at=?,is_active=?,name=?,password_hash=?,phone_number=?,profile_completed=?,role=? where id=?
Hibernate: update users set created_at=?,is_active=?,name=?,password_hash=?,phone_number=?,profile_completed=?,role=? where id=?
2026-08-18T00:10:51.206+05:30 DEBUG 10876 --- [backend] [nio-8083-exec-5] org.hibernate.SQL                        : select u1_0.id,u1_0.created_at,u1_0.is_active,u1_0.name,u1_0.password_hash,u1_0.phone_number,u1_0.profile_completed,u1_0.role from users u1_0 where u1_0.id=?
Hibernate: select u1_0.id,u1_0.created_at,u1_0.is_active,u1_0.name,u1_0.password_hash,u1_0.phone_number,u1_0.profile_completed,u1_0.role from users u1_0 where u1_0.id=?
2026-08-18T00:10:51.206+05:30 DEBUG 10876 --- [backend] [nio-8083-exec-5] org.hibernate.SQL                        : select u1_0.id,u1_0.created_at,u1_0.is_active,u1_0.name,u1_0.password_hash,u1_0.phone_number,u1_0.profile_completed,u1_0.role from users u1_0
Hibernate: select u1_0.id,u1_0.created_at,u1_0.is_active,u1_0.name,u1_0.password_hash,u1_0.phone_number,u1_0.profile_completed,u1_0.role from users u1_0
2026-08-18T00:10:57.412+05:30 DEBUG 10876 --- [backend] [nio-8083-exec-8] org.hibernate.SQL                        : select u1_0.id,u1_0.created_at,u1_0.is_active,u1_0.name,u1_0.password_hash,u1_0.phone_number,u1_0.profile_completed,u1_0.role from users u1_0 where u1_0.id=?
Hibernate: select u1_0.id,u1_0.created_at,u1_0.is_active,u1_0.name,u1_0.password_hash,u1_0.phone_number,u1_0.profile_completed,u1_0.role from users u1_0 where u1_0.id=?
2026-08-18T00:10:57.446+05:30 DEBUG 10876 --- [backend] [nio-8083-exec-8] org.hibernate.SQL                        : select u1_0.id,u1_0.created_at,u1_0.is_active,u1_0.name,u1_0.password_hash,u1_0.phone_number,u1_0.profile_completed,u1_0.role from users u1_0 where u1_0.id=?
Hibernate: select u1_0.id,u1_0.created_at,u1_0.is_active,u1_0.name,u1_0.password_hash,u1_0.phone_number,u1_0.profile_completed,u1_0.role from users u1_0 where u1_0.id=?
2026-08-18T00:10:57.455+05:30 DEBUG 10876 --- [backend] [nio-8083-exec-8] org.hibernate.SQL                        : select count(u1_0.id) from users u1_0 where u1_0.role=? and u1_0.is_active=1
Hibernate: select count(u1_0.id) from users u1_0 where u1_0.role=? and u1_0.is_active=1
2026-08-18T00:10:57.455+05:30 DEBUG 10876 --- [backend] [nio-8083-exec-8] org.hibernate.SQL                        : update users set created_at=?,is_active=?,name=?,password_hash=?,phone_number=?,profile_completed=?,role=? where id=?
Hibernate: update users set created_at=?,is_active=?,name=?,password_hash=?,phone_number=?,profile_completed=?,role=? where id=?
2026-08-18T00:10:57.528+05:30 DEBUG 10876 --- [backend] [nio-8083-exec-9] org.hibernate.SQL                        : select u1_0.id,u1_0.created_at,u1_0.is_active,u1_0.name,u1_0.password_hash,u1_0.phone_number,u1_0.profile_completed,u1_0.role from users u1_0 where u1_0.id=?
Hibernate: select u1_0.id,u1_0.created_at,u1_0.is_active,u1_0.name,u1_0.password_hash,u1_0.phone_number,u1_0.profile_completed,u1_0.role from users u1_0 where u1_0.id=?
2026-08-18T00:10:57.528+05:30 DEBUG 10876 --- [backend] [nio-8083-exec-9] org.hibernate.SQL                        : select u1_0.id,u1_0.created_at,u1_0.is_active,u1_0.name,u1_0.password_hash,u1_0.phone_number,u1_0.profile_completed,u1_0.role from users u1_0
Hibernate: select u1_0.id,u1_0.created_at,u1_0.is_active,u1_0.name,u1_0.password_hash,u1_0.phone_number,u1_0.profile_completed,u1_0.role from users u1_0
2026-08-18T00:11:00.382+05:30 DEBUG 10876 --- [backend] [io-8083-exec-10] org.hibernate.SQL                        : select u1_0.id,u1_0.created_at,u1_0.is_active,u1_0.name,u1_0.password_hash,u1_0.phone_number,u1_0.profile_completed,u1_0.role from users u1_0 where u1_0.id=?
Hibernate: select u1_0.id,u1_0.created_at,u1_0.is_active,u1_0.name,u1_0.password_hash,u1_0.phone_number,u1_0.profile_completed,u1_0.role from users u1_0 where u1_0.id=?
2026-08-18T00:11:00.420+05:30 DEBUG 10876 --- [backend] [io-8083-exec-10] org.hibernate.SQL                        : select u1_0.id,u1_0.created_at,u1_0.is_active,u1_0.name,u1_0.password_hash,u1_0.phone_number,u1_0.profile_completed,u1_0.role from users u1_0 where u1_0.id=?
Hibernate: select u1_0.id,u1_0.created_at,u1_0.is_active,u1_0.name,u1_0.password_hash,u1_0.phone_number,u1_0.profile_completed,u1_0.role from users u1_0 where u1_0.id=?
2026-08-18T00:11:00.420+05:30 DEBUG 10876 --- [backend] [io-8083-exec-10] org.hibernate.SQL                        : update users set created_at=?,is_active=?,name=?,password_hash=?,phone_number=?,profile_completed=?,role=? where id=?
Hibernate: update users set created_at=?,is_active=?,name=?,password_hash=?,phone_number=?,profile_completed=?,role=? where id=?
2026-08-18T00:11:00.495+05:30 DEBUG 10876 --- [backend] [nio-8083-exec-1] org.hibernate.SQL                        : select u1_0.id,u1_0.created_at,u1_0.is_active,u1_0.name,u1_0.password_hash,u1_0.phone_number,u1_0.profile_completed,u1_0.role from users u1_0 where u1_0.id=?
Hibernate: select u1_0.id,u1_0.created_at,u1_0.is_active,u1_0.name,u1_0.password_hash,u1_0.phone_number,u1_0.profile_completed,u1_0.role from users u1_0 where u1_0.id=?
2026-08-18T00:11:00.511+05:30 DEBUG 10876 --- [backend] [nio-8083-exec-1] org.hibernate.SQL                        : select u1_0.id,u1_0.created_at,u1_0.is_active,u1_0.name,u1_0.password_hash,u1_0.phone_number,u1_0.profile_completed,u1_0.role from users u1_0
Hibernate: select u1_0.id,u1_0.created_at,u1_0.is_active,u1_0.name,u1_0.password_hash,u1_0.phone_number,u1_0.profile_completed,u1_0.role from users u1_0
2026-08-18T00:11:03.694+05:30 DEBUG 10876 --- [backend] [nio-8083-exec-2] org.hibernate.SQL                        : select u1_0.id,u1_0.created_at,u1_0.is_active,u1_0.name,u1_0.password_hash,u1_0.phone_number,u1_0.profile_completed,u1_0.role from users u1_0 where u1_0.id=?
Hibernate: select u1_0.id,u1_0.created_at,u1_0.is_active,u1_0.name,u1_0.password_hash,u1_0.phone_number,u1_0.profile_completed,u1_0.role from users u1_0 where u1_0.id=?
2026-08-18T00:11:03.738+05:30 DEBUG 10876 --- [backend] [nio-8083-exec-2] org.hibernate.SQL                        : select u1_0.id,u1_0.created_at,u1_0.is_active,u1_0.name,u1_0.password_hash,u1_0.phone_number,u1_0.profile_completed,u1_0.role from users u1_0 where u1_0.id=?
Hibernate: select u1_0.id,u1_0.created_at,u1_0.is_active,u1_0.name,u1_0.password_hash,u1_0.phone_number,u1_0.profile_completed,u1_0.role from users u1_0 where u1_0.id=?
2026-08-18T00:11:14.621+05:30 DEBUG 10876 --- [backend] [nio-8083-exec-7] org.hibernate.SQL                        : select u1_0.id,u1_0.created_at,u1_0.is_active,u1_0.name,u1_0.password_hash,u1_0.phone_number,u1_0.profile_completed,u1_0.role from users u1_0 where u1_0.phone_number=?
Hibernate: select u1_0.id,u1_0.created_at,u1_0.is_active,u1_0.name,u1_0.password_hash,u1_0.phone_number,u1_0.profile_completed,u1_0.role from users u1_0 where u1_0.phone_number=?
2026-08-18T00:11:14.763+05:30 DEBUG 10876 --- [backend] [nio-8083-exec-3] org.hibernate.SQL                        : select u1_0.id,u1_0.created_at,u1_0.is_active,u1_0.name,u1_0.password_hash,u1_0.phone_number,u1_0.profile_completed,u1_0.role from users u1_0 where u1_0.id=?
Hibernate: select u1_0.id,u1_0.created_at,u1_0.is_active,u1_0.name,u1_0.password_hash,u1_0.phone_number,u1_0.profile_completed,u1_0.role from users u1_0 where u1_0.id=?
2026-08-18T00:11:14.796+05:30 DEBUG 10876 --- [backend] [nio-8083-exec-3] org.hibernate.SQL                        : select u1_0.id,u1_0.created_at,u1_0.is_active,u1_0.name,u1_0.password_hash,u1_0.phone_number,u1_0.profile_completed,u1_0.role from users u1_0 where u1_0.id=?
Hibernate: select u1_0.id,u1_0.created_at,u1_0.is_active,u1_0.name,u1_0.password_hash,u1_0.phone_number,u1_0.profile_completed,u1_0.role from users u1_0 where u1_0.id=?
2026-08-18T00:11:14.983+05:30 DEBUG 10876 --- [backend] [nio-8083-exec-6] org.hibernate.SQL                        : select u1_0.id,u1_0.created_at,u1_0.is_active,u1_0.name,u1_0.password_hash,u1_0.phone_number,u1_0.profile_completed,u1_0.role from users u1_0 where u1_0.id=?
Hibernate: select u1_0.id,u1_0.created_at,u1_0.is_active,u1_0.name,u1_0.password_hash,u1_0.phone_number,u1_0.profile_completed,u1_0.role from users u1_0 where u1_0.id=?
2026-08-18T00:11:14.985+05:30 DEBUG 10876 --- [backend] [nio-8083-exec-4] org.hibernate.SQL                        : select u1_0.id,u1_0.created_at,u1_0.is_active,u1_0.name,u1_0.password_hash,u1_0.phone_number,u1_0.profile_completed,u1_0.role from users u1_0 where u1_0.id=?
Hibernate: select u1_0.id,u1_0.created_at,u1_0.is_active,u1_0.name,u1_0.password_hash,u1_0.phone_number,u1_0.profile_completed,u1_0.role from users u1_0 where u1_0.id=?
2026-08-18T00:11:15.016+05:30 DEBUG 10876 --- [backend] [nio-8083-exec-6] org.hibernate.SQL                        : select u1_0.id,u1_0.created_at,u1_0.is_active,u1_0.name,u1_0.password_hash,u1_0.phone_number,u1_0.profile_completed,u1_0.role from users u1_0 where u1_0.id=?
Hibernate: select u1_0.id,u1_0.created_at,u1_0.is_active,u1_0.name,u1_0.password_hash,u1_0.phone_number,u1_0.profile_completed,u1_0.role from users u1_0 where u1_0.id=?
2026-08-18T00:11:15.020+05:30 DEBUG 10876 --- [backend] [nio-8083-exec-4] org.hibernate.SQL                        : select u1_0.id,u1_0.created_at,u1_0.is_active,u1_0.name,u1_0.password_hash,u1_0.phone_number,u1_0.profile_completed,u1_0.role from users u1_0 where u1_0.id=?
Hibernate: select u1_0.id,u1_0.created_at,u1_0.is_active,u1_0.name,u1_0.password_hash,u1_0.phone_number,u1_0.profile_completed,u1_0.role from users u1_0 where u1_0.id=?
2026-08-18T00:11:15.048+05:30 DEBUG 10876 --- [backend] [nio-8083-exec-5] org.hibernate.SQL                        : select u1_0.id,u1_0.created_at,u1_0.is_active,u1_0.name,u1_0.password_hash,u1_0.phone_number,u1_0.profile_completed,u1_0.role from users u1_0 where u1_0.id=?
Hibernate: select u1_0.id,u1_0.created_at,u1_0.is_active,u1_0.name,u1_0.password_hash,u1_0.phone_number,u1_0.profile_completed,u1_0.role from users u1_0 where u1_0.id=?
2026-08-18T00:11:18.124+05:30 DEBUG 10876 --- [backend] [nio-8083-exec-8] org.hibernate.SQL                        : select u1_0.id,u1_0.created_at,u1_0.is_active,u1_0.name,u1_0.password_hash,u1_0.phone_number,u1_0.profile_completed,u1_0.role from users u1_0 where u1_0.id=?
Hibernate: select u1_0.id,u1_0.created_at,u1_0.is_active,u1_0.name,u1_0.password_hash,u1_0.phone_number,u1_0.profile_completed,u1_0.role from users u1_0 where u1_0.id=?
2026-08-18T00:11:18.132+05:30 DEBUG 10876 --- [backend] [nio-8083-exec-9] org.hibernate.SQL                        : select u1_0.id,u1_0.created_at,u1_0.is_active,u1_0.name,u1_0.password_hash,u1_0.phone_number,u1_0.profile_completed,u1_0.role from users u1_0 where u1_0.id=?
Hibernate: select u1_0.id,u1_0.created_at,u1_0.is_active,u1_0.name,u1_0.password_hash,u1_0.phone_number,u1_0.profile_completed,u1_0.role from users u1_0 where u1_0.id=?
2026-08-18T00:11:18.138+05:30 DEBUG 10876 --- [backend] [nio-8083-exec-8] org.hibernate.SQL                        : select u1_0.id,u1_0.created_at,u1_0.is_active,u1_0.name,u1_0.password_hash,u1_0.phone_number,u1_0.profile_completed,u1_0.role from users u1_0 where u1_0.id=?
Hibernate: select u1_0.id,u1_0.created_at,u1_0.is_active,u1_0.name,u1_0.password_hash,u1_0.phone_number,u1_0.profile_completed,u1_0.role from users u1_0 where u1_0.id=?
2026-08-18T00:11:18.138+05:30 DEBUG 10876 --- [backend] [nio-8083-exec-9] org.hibernate.SQL                        : select u1_0.id,u1_0.created_at,u1_0.is_active,u1_0.name,u1_0.password_hash,u1_0.phone_number,u1_0.profile_completed,u1_0.role from users u1_0 where u1_0.id=?
Hibernate: select u1_0.id,u1_0.created_at,u1_0.is_active,u1_0.name,u1_0.password_hash,u1_0.phone_number,u1_0.profile_completed,u1_0.role from users u1_0 where u1_0.id=?
2026-08-18T00:11:20.514+05:30 DEBUG 10876 --- [backend] [io-8083-exec-10] org.hibernate.SQL                        : select u1_0.id,u1_0.created_at,u1_0.is_active,u1_0.name,u1_0.password_hash,u1_0.phone_number,u1_0.profile_completed,u1_0.role from users u1_0 where u1_0.id=?
Hibernate: select u1_0.id,u1_0.created_at,u1_0.is_active,u1_0.name,u1_0.password_hash,u1_0.phone_number,u1_0.profile_completed,u1_0.role from users u1_0 where u1_0.id=?
2026-08-18T00:11:20.540+05:30 DEBUG 10876 --- [backend] [io-8083-exec-10] org.hibernate.SQL                        : select u1_0.id,u1_0.created_at,u1_0.is_active,u1_0.name,u1_0.password_hash,u1_0.phone_number,u1_0.profile_completed,u1_0.role from users u1_0 where u1_0.id=?
Hibernate: select u1_0.id,u1_0.created_at,u1_0.is_active,u1_0.name,u1_0.password_hash,u1_0.phone_number,u1_0.profile_completed,u1_0.role from users u1_0 where u1_0.id=?
2026-08-18T00:11:20.574+05:30 DEBUG 10876 --- [backend] [nio-8083-exec-1] org.hibernate.SQL                        : select u1_0.id,u1_0.created_at,u1_0.is_active,u1_0.name,u1_0.password_hash,u1_0.phone_number,u1_0.profile_completed,u1_0.role from users u1_0 where u1_0.id=?
Hibernate: select u1_0.id,u1_0.created_at,u1_0.is_active,u1_0.name,u1_0.password_hash,u1_0.phone_number,u1_0.profile_completed,u1_0.role from users u1_0 where u1_0.id=?
2026-08-18T00:11:22.628+05:30 DEBUG 10876 --- [backend] [nio-8083-exec-2] org.hibernate.SQL                        : select u1_0.id,u1_0.created_at,u1_0.is_active,u1_0.name,u1_0.password_hash,u1_0.phone_number,u1_0.profile_completed,u1_0.role from users u1_0 where u1_0.id=?
Hibernate: select u1_0.id,u1_0.created_at,u1_0.is_active,u1_0.name,u1_0.password_hash,u1_0.phone_number,u1_0.profile_completed,u1_0.role from users u1_0 where u1_0.id=?
2026-08-18T00:11:24.724+05:30 DEBUG 10876 --- [backend] [nio-8083-exec-7] org.hibernate.SQL                        : select u1_0.id,u1_0.created_at,u1_0.is_active,u1_0.name,u1_0.password_hash,u1_0.phone_number,u1_0.profile_completed,u1_0.role from users u1_0 where u1_0.id=?
Hibernate: select u1_0.id,u1_0.created_at,u1_0.is_active,u1_0.name,u1_0.password_hash,u1_0.phone_number,u1_0.profile_completed,u1_0.role from users u1_0 where u1_0.id=?
2026-08-18T00:11:24.755+05:30 DEBUG 10876 --- [backend] [nio-8083-exec-7] org.hibernate.SQL                        : select u1_0.id,u1_0.created_at,u1_0.is_active,u1_0.name,u1_0.password_hash,u1_0.phone_number,u1_0.profile_completed,u1_0.role from users u1_0 where u1_0.id=?
Hibernate: select u1_0.id,u1_0.created_at,u1_0.is_active,u1_0.name,u1_0.password_hash,u1_0.phone_number,u1_0.profile_completed,u1_0.role from users u1_0 where u1_0.id=?
2026-08-18T00:11:36.611+05:30 DEBUG 10876 --- [backend] [nio-8083-exec-4] org.hibernate.SQL                        : select u1_0.id,u1_0.created_at,u1_0.is_active,u1_0.name,u1_0.password_hash,u1_0.phone_number,u1_0.profile_completed,u1_0.role from users u1_0 where u1_0.phone_number=?
Hibernate: select u1_0.id,u1_0.created_at,u1_0.is_active,u1_0.name,u1_0.password_hash,u1_0.phone_number,u1_0.profile_completed,u1_0.role from users u1_0 where u1_0.phone_number=?
2026-08-18T00:11:36.811+05:30 DEBUG 10876 --- [backend] [nio-8083-exec-5] org.hibernate.SQL                        : select u1_0.id,u1_0.created_at,u1_0.is_active,u1_0.name,u1_0.password_hash,u1_0.phone_number,u1_0.profile_completed,u1_0.role from users u1_0 where u1_0.id=?
Hibernate: select u1_0.id,u1_0.created_at,u1_0.is_active,u1_0.name,u1_0.password_hash,u1_0.phone_number,u1_0.profile_completed,u1_0.role from users u1_0 where u1_0.id=?
2026-08-18T00:11:36.842+05:30 DEBUG 10876 --- [backend] [nio-8083-exec-5] org.hibernate.SQL                        : select u1_0.id,u1_0.created_at,u1_0.is_active,u1_0.name,u1_0.password_hash,u1_0.phone_number,u1_0.profile_completed,u1_0.role from users u1_0 where u1_0.id=?
Hibernate: select u1_0.id,u1_0.created_at,u1_0.is_active,u1_0.name,u1_0.password_hash,u1_0.phone_number,u1_0.profile_completed,u1_0.role from users u1_0 where u1_0.id=?
2026-08-18T00:11:37.038+05:30 DEBUG 10876 --- [backend] [nio-8083-exec-9] org.hibernate.SQL                        : select u1_0.id,u1_0.created_at,u1_0.is_active,u1_0.name,u1_0.password_hash,u1_0.phone_number,u1_0.profile_completed,u1_0.role from users u1_0 where u1_0.id=?
Hibernate: select u1_0.id,u1_0.created_at,u1_0.is_active,u1_0.name,u1_0.password_hash,u1_0.phone_number,u1_0.profile_completed,u1_0.role from users u1_0 where u1_0.id=?
2026-08-18T00:11:37.038+05:30 DEBUG 10876 --- [backend] [nio-8083-exec-8] org.hibernate.SQL                        : select u1_0.id,u1_0.created_at,u1_0.is_active,u1_0.name,u1_0.password_hash,u1_0.phone_number,u1_0.profile_completed,u1_0.role from users u1_0 where u1_0.id=?
Hibernate: select u1_0.id,u1_0.created_at,u1_0.is_active,u1_0.name,u1_0.password_hash,u1_0.phone_number,u1_0.profile_completed,u1_0.role from users u1_0 where u1_0.id=?
2026-08-18T00:11:37.038+05:30 DEBUG 10876 --- [backend] [nio-8083-exec-8] org.hibernate.SQL                        : select u1_0.id,u1_0.created_at,u1_0.is_active,u1_0.name,u1_0.password_hash,u1_0.phone_number,u1_0.profile_completed,u1_0.role from users u1_0 where u1_0.id=?
Hibernate: select u1_0.id,u1_0.created_at,u1_0.is_active,u1_0.name,u1_0.password_hash,u1_0.phone_number,u1_0.profile_completed,u1_0.role from users u1_0 where u1_0.id=?
2026-08-18T00:11:37.038+05:30 DEBUG 10876 --- [backend] [nio-8083-exec-9] org.hibernate.SQL                        : select u1_0.id,u1_0.created_at,u1_0.is_active,u1_0.name,u1_0.password_hash,u1_0.phone_number,u1_0.profile_completed,u1_0.role from users u1_0 where u1_0.id=?
Hibernate: select u1_0.id,u1_0.created_at,u1_0.is_active,u1_0.name,u1_0.password_hash,u1_0.phone_number,u1_0.profile_completed,u1_0.role from users u1_0 where u1_0.id=?
2026-08-18T00:11:37.073+05:30 DEBUG 10876 --- [backend] [io-8083-exec-10] org.hibernate.SQL                        : select u1_0.id,u1_0.created_at,u1_0.is_active,u1_0.name,u1_0.password_hash,u1_0.phone_number,u1_0.profile_completed,u1_0.role from users u1_0 where u1_0.id=?
Hibernate: select u1_0.id,u1_0.created_at,u1_0.is_active,u1_0.name,u1_0.password_hash,u1_0.phone_number,u1_0.profile_completed,u1_0.role from users u1_0 where u1_0.id=?
2026-08-18T00:11:37.073+05:30 DEBUG 10876 --- [backend] [io-8083-exec-10] org.hibernate.SQL                        : select coalesce(sum(p1_0.stock),0) from products p1_0 where p1_0.status='ACTIVE'
Hibernate: select coalesce(sum(p1_0.stock),0) from products p1_0 where p1_0.status='ACTIVE'
2026-08-18T00:11:37.086+05:30 DEBUG 10876 --- [backend] [io-8083-exec-10] org.hibernate.SQL                        : select count(p1_0.id) from products p1_0 where p1_0.stock<p1_0.minimum_stock and p1_0.status='ACTIVE'
Hibernate: select count(p1_0.id) from products p1_0 where p1_0.stock<p1_0.minimum_stock and p1_0.status='ACTIVE'
2026-08-18T00:11:37.090+05:30 DEBUG 10876 --- [backend] [io-8083-exec-10] org.hibernate.SQL                        : select coalesce(sum(si1_0.quantity),0) from sales_items si1_0 join sales s1_0 on s1_0.id=si1_0.sale_id where s1_0.sale_date between ? and ?
Hibernate: select coalesce(sum(si1_0.quantity),0) from sales_items si1_0 join sales s1_0 on s1_0.id=si1_0.sale_id where s1_0.sale_date between ? and ?
2026-08-18T00:11:37.094+05:30 DEBUG 10876 --- [backend] [io-8083-exec-10] org.hibernate.SQL                        : select coalesce(sum(s1_0.grand_total),0) from sales s1_0 where s1_0.sale_date between ? and ?
Hibernate: select coalesce(sum(s1_0.grand_total),0) from sales s1_0 where s1_0.sale_date between ? and ?
2026-08-18T00:11:37.094+05:30 DEBUG 10876 --- [backend] [io-8083-exec-10] org.hibernate.SQL                        : select coalesce(sum(s1_0.grand_total),0) from sales s1_0 where s1_0.payment_mode=?
Hibernate: select coalesce(sum(s1_0.grand_total),0) from sales s1_0 where s1_0.payment_mode=?
2026-08-18T00:11:37.101+05:30 DEBUG 10876 --- [backend] [io-8083-exec-10] org.hibernate.SQL                        : select count(s1_0.id) from suppliers s1_0 where s1_0.status=?
Hibernate: select count(s1_0.id) from suppliers s1_0 where s1_0.status=?
2026-08-18T00:11:37.101+05:30 DEBUG 10876 --- [backend] [io-8083-exec-10] org.hibernate.SQL                        : select s1_0.id,s1_0.bill_number,s1_0.cgst,s1_0.created_at,s1_0.customer_id,s1_0.customer_name,s1_0.discount,s1_0.grand_total,s1_0.igst,s1_0.payment_mode,s1_0.sale_date,s1_0.sgst,s1_0.total from sales s1_0 order by s1_0.sale_date desc limit ?
Hibernate: select s1_0.id,s1_0.bill_number,s1_0.cgst,s1_0.created_at,s1_0.customer_id,s1_0.customer_name,s1_0.discount,s1_0.grand_total,s1_0.igst,s1_0.payment_mode,s1_0.sale_date,s1_0.sgst,s1_0.total from sales s1_0 order by s1_0.sale_date desc limit ?
2026-08-18T00:11:37.101+05:30 DEBUG 10876 --- [backend] [io-8083-exec-10] org.hibernate.SQL                        : select c1_0.id,c1_0.address,c1_0.created_at,c1_0.credit_balance,c1_0.credit_limit,c1_0.customer_name,c1_0.email,c1_0.gst_number,c1_0.phone,c1_0.status from customers c1_0 where c1_0.id=?
Hibernate: select c1_0.id,c1_0.address,c1_0.created_at,c1_0.credit_balance,c1_0.credit_limit,c1_0.customer_name,c1_0.email,c1_0.gst_number,c1_0.phone,c1_0.status from customers c1_0 where c1_0.id=?
2026-08-18T00:11:37.101+05:30 DEBUG 10876 --- [backend] [io-8083-exec-10] org.hibernate.SQL                        : select c1_0.id,c1_0.address,c1_0.created_at,c1_0.credit_balance,c1_0.credit_limit,c1_0.customer_name,c1_0.email,c1_0.gst_number,c1_0.phone,c1_0.status from customers c1_0 where c1_0.id=?
Hibernate: select c1_0.id,c1_0.address,c1_0.created_at,c1_0.credit_balance,c1_0.credit_limit,c1_0.customer_name,c1_0.email,c1_0.gst_number,c1_0.phone,c1_0.status from customers c1_0 where c1_0.id=?
2026-08-18T00:11:37.139+05:30 DEBUG 10876 --- [backend] [nio-8083-exec-1] org.hibernate.SQL                        : select u1_0.id,u1_0.created_at,u1_0.is_active,u1_0.name,u1_0.password_hash,u1_0.phone_number,u1_0.profile_completed,u1_0.role from users u1_0 where u1_0.id=?
Hibernate: select u1_0.id,u1_0.created_at,u1_0.is_active,u1_0.name,u1_0.password_hash,u1_0.phone_number,u1_0.profile_completed,u1_0.role from users u1_0 where u1_0.id=?
2026-08-18T00:11:37.139+05:30 DEBUG 10876 --- [backend] [nio-8083-exec-1] org.hibernate.SQL                        : select p1_0.id,p1_0.brand,p1_0.category,p1_0.created_at,p1_0.gst_rate,p1_0.hsn_code,p1_0.minimum_stock,p1_0.product_name,p1_0.purchase_price,p1_0.selling_price,p1_0.status,p1_0.stock,p1_0.unit,p1_0.version from products p1_0 where p1_0.status=?
Hibernate: select p1_0.id,p1_0.brand,p1_0.category,p1_0.created_at,p1_0.gst_rate,p1_0.hsn_code,p1_0.minimum_stock,p1_0.product_name,p1_0.purchase_price,p1_0.selling_price,p1_0.status,p1_0.stock,p1_0.unit,p1_0.version from products p1_0 where p1_0.status=?
2026-08-18T00:11:41.933+05:30 DEBUG 10876 --- [backend] [nio-8083-exec-2] org.hibernate.SQL                        : select u1_0.id,u1_0.created_at,u1_0.is_active,u1_0.name,u1_0.password_hash,u1_0.phone_number,u1_0.profile_completed,u1_0.role from users u1_0 where u1_0.id=?
Hibernate: select u1_0.id,u1_0.created_at,u1_0.is_active,u1_0.name,u1_0.password_hash,u1_0.phone_number,u1_0.profile_completed,u1_0.role from users u1_0 where u1_0.id=?
2026-08-18T00:11:41.939+05:30 DEBUG 10876 --- [backend] [nio-8083-exec-2] org.hibernate.SQL                        : select p1_0.id,p1_0.brand,p1_0.category,p1_0.created_at,p1_0.gst_rate,p1_0.hsn_code,p1_0.minimum_stock,p1_0.product_name,p1_0.purchase_price,p1_0.selling_price,p1_0.status,p1_0.stock,p1_0.unit,p1_0.version from products p1_0
Hibernate: select p1_0.id,p1_0.brand,p1_0.category,p1_0.created_at,p1_0.gst_rate,p1_0.hsn_code,p1_0.minimum_stock,p1_0.product_name,p1_0.purchase_price,p1_0.selling_price,p1_0.status,p1_0.stock,p1_0.unit,p1_0.version from products p1_0
2026-08-18T00:11:42.798+05:30 DEBUG 10876 --- [backend] [nio-8083-exec-7] org.hibernate.SQL                        : select u1_0.id,u1_0.created_at,u1_0.is_active,u1_0.name,u1_0.password_hash,u1_0.phone_number,u1_0.profile_completed,u1_0.role from users u1_0 where u1_0.id=?
Hibernate: select u1_0.id,u1_0.created_at,u1_0.is_active,u1_0.name,u1_0.password_hash,u1_0.phone_number,u1_0.profile_completed,u1_0.role from users u1_0 where u1_0.id=?
2026-08-18T00:11:42.828+05:30 DEBUG 10876 --- [backend] [nio-8083-exec-7] org.hibernate.SQL                        : select u1_0.id,u1_0.created_at,u1_0.is_active,u1_0.name,u1_0.password_hash,u1_0.phone_number,u1_0.profile_completed,u1_0.role from users u1_0 where u1_0.id=?
Hibernate: select u1_0.id,u1_0.created_at,u1_0.is_active,u1_0.name,u1_0.password_hash,u1_0.phone_number,u1_0.profile_completed,u1_0.role from users u1_0 where u1_0.id=?
2026-08-18T00:11:42.869+05:30 DEBUG 10876 --- [backend] [nio-8083-exec-3] org.hibernate.SQL                        : select u1_0.id,u1_0.created_at,u1_0.is_active,u1_0.name,u1_0.password_hash,u1_0.phone_number,u1_0.profile_completed,u1_0.role from users u1_0 where u1_0.id=?
Hibernate: select u1_0.id,u1_0.created_at,u1_0.is_active,u1_0.name,u1_0.password_hash,u1_0.phone_number,u1_0.profile_completed,u1_0.role from users u1_0 where u1_0.id=?
2026-08-18T00:11:42.877+05:30 DEBUG 10876 --- [backend] [nio-8083-exec-3] org.hibernate.SQL                        : select coalesce(sum(p1_0.stock),0) from products p1_0 where p1_0.status='ACTIVE'
Hibernate: select coalesce(sum(p1_0.stock),0) from products p1_0 where p1_0.status='ACTIVE'
2026-08-18T00:11:42.877+05:30 DEBUG 10876 --- [backend] [nio-8083-exec-3] org.hibernate.SQL                        : select count(p1_0.id) from products p1_0 where p1_0.stock<p1_0.minimum_stock and p1_0.status='ACTIVE'
Hibernate: select count(p1_0.id) from products p1_0 where p1_0.stock<p1_0.minimum_stock and p1_0.status='ACTIVE'
2026-08-18T00:11:42.885+05:30 DEBUG 10876 --- [backend] [nio-8083-exec-3] org.hibernate.SQL                        : select coalesce(sum(si1_0.quantity),0) from sales_items si1_0 join sales s1_0 on s1_0.id=si1_0.sale_id where s1_0.sale_date between ? and ?
Hibernate: select coalesce(sum(si1_0.quantity),0) from sales_items si1_0 join sales s1_0 on s1_0.id=si1_0.sale_id where s1_0.sale_date between ? and ?
2026-08-18T00:11:42.891+05:30 DEBUG 10876 --- [backend] [nio-8083-exec-3] org.hibernate.SQL                        : select coalesce(sum(s1_0.grand_total),0) from sales s1_0 where s1_0.sale_date between ? and ?
Hibernate: select coalesce(sum(s1_0.grand_total),0) from sales s1_0 where s1_0.sale_date between ? and ?
2026-08-18T00:11:42.892+05:30 DEBUG 10876 --- [backend] [nio-8083-exec-3] org.hibernate.SQL                        : select coalesce(sum(s1_0.grand_total),0) from sales s1_0 where s1_0.payment_mode=?
Hibernate: select coalesce(sum(s1_0.grand_total),0) from sales s1_0 where s1_0.payment_mode=?
2026-08-18T00:11:42.901+05:30 DEBUG 10876 --- [backend] [nio-8083-exec-3] org.hibernate.SQL                        : select count(s1_0.id) from suppliers s1_0 where s1_0.status=?
Hibernate: select count(s1_0.id) from suppliers s1_0 where s1_0.status=?
2026-08-18T00:11:42.901+05:30 DEBUG 10876 --- [backend] [nio-8083-exec-3] org.hibernate.SQL                        : select s1_0.id,s1_0.bill_number,s1_0.cgst,s1_0.created_at,s1_0.customer_id,s1_0.customer_name,s1_0.discount,s1_0.grand_total,s1_0.igst,s1_0.payment_mode,s1_0.sale_date,s1_0.sgst,s1_0.total from sales s1_0 order by s1_0.sale_date desc limit ?
Hibernate: select s1_0.id,s1_0.bill_number,s1_0.cgst,s1_0.created_at,s1_0.customer_id,s1_0.customer_name,s1_0.discount,s1_0.grand_total,s1_0.igst,s1_0.payment_mode,s1_0.sale_date,s1_0.sgst,s1_0.total from sales s1_0 order by s1_0.sale_date desc limit ?
2026-08-18T00:11:42.908+05:30 DEBUG 10876 --- [backend] [nio-8083-exec-3] org.hibernate.SQL                        : select c1_0.id,c1_0.address,c1_0.created_at,c1_0.credit_balance,c1_0.credit_limit,c1_0.customer_name,c1_0.email,c1_0.gst_number,c1_0.phone,c1_0.status from customers c1_0 where c1_0.id=?
Hibernate: select c1_0.id,c1_0.address,c1_0.created_at,c1_0.credit_balance,c1_0.credit_limit,c1_0.customer_name,c1_0.email,c1_0.gst_number,c1_0.phone,c1_0.status from customers c1_0 where c1_0.id=?
2026-08-18T00:11:42.908+05:30 DEBUG 10876 --- [backend] [nio-8083-exec-3] org.hibernate.SQL                        : select c1_0.id,c1_0.address,c1_0.created_at,c1_0.credit_balance,c1_0.credit_limit,c1_0.customer_name,c1_0.email,c1_0.gst_number,c1_0.phone,c1_0.status from customers c1_0 where c1_0.id=?
Hibernate: select c1_0.id,c1_0.address,c1_0.created_at,c1_0.credit_balance,c1_0.credit_limit,c1_0.customer_name,c1_0.email,c1_0.gst_number,c1_0.phone,c1_0.status from customers c1_0 where c1_0.id=?
2026-08-18T00:11:42.940+05:30 DEBUG 10876 --- [backend] [nio-8083-exec-6] org.hibernate.SQL                        : select u1_0.id,u1_0.created_at,u1_0.is_active,u1_0.name,u1_0.password_hash,u1_0.phone_number,u1_0.profile_completed,u1_0.role from users u1_0 where u1_0.id=?
Hibernate: select u1_0.id,u1_0.created_at,u1_0.is_active,u1_0.name,u1_0.password_hash,u1_0.phone_number,u1_0.profile_completed,u1_0.role from users u1_0 where u1_0.id=?
2026-08-18T00:11:42.956+05:30 DEBUG 10876 --- [backend] [nio-8083-exec-6] org.hibernate.SQL                        : select p1_0.id,p1_0.brand,p1_0.category,p1_0.created_at,p1_0.gst_rate,p1_0.hsn_code,p1_0.minimum_stock,p1_0.product_name,p1_0.purchase_price,p1_0.selling_price,p1_0.status,p1_0.stock,p1_0.unit,p1_0.version from products p1_0 where p1_0.status=?
Hibernate: select p1_0.id,p1_0.brand,p1_0.category,p1_0.created_at,p1_0.gst_rate,p1_0.hsn_code,p1_0.minimum_stock,p1_0.product_name,p1_0.purchase_price,p1_0.selling_price,p1_0.status,p1_0.stock,p1_0.unit,p1_0.version from products p1_0 where p1_0.status=?
2026-08-18T00:11:43.319+05:30 DEBUG 10876 --- [backend] [nio-8083-exec-4] org.hibernate.SQL                        : select u1_0.id,u1_0.created_at,u1_0.is_active,u1_0.name,u1_0.password_hash,u1_0.phone_number,u1_0.profile_completed,u1_0.role from users u1_0 where u1_0.id=?
Hibernate: select u1_0.id,u1_0.created_at,u1_0.is_active,u1_0.name,u1_0.password_hash,u1_0.phone_number,u1_0.profile_completed,u1_0.role from users u1_0 where u1_0.id=?
2026-08-18T00:11:43.346+05:30 DEBUG 10876 --- [backend] [nio-8083-exec-4] org.hibernate.SQL                        : select s1_0.id,s1_0.bill_number,s1_0.cgst,s1_0.created_at,s1_0.customer_id,s1_0.customer_name,s1_0.discount,s1_0.grand_total,s1_0.igst,s1_0.payment_mode,s1_0.sale_date,s1_0.sgst,s1_0.total from sales s1_0
Hibernate: select s1_0.id,s1_0.bill_number,s1_0.cgst,s1_0.created_at,s1_0.customer_id,s1_0.customer_name,s1_0.discount,s1_0.grand_total,s1_0.igst,s1_0.payment_mode,s1_0.sale_date,s1_0.sgst,s1_0.total from sales s1_0
2026-08-18T00:11:43.346+05:30 DEBUG 10876 --- [backend] [nio-8083-exec-4] org.hibernate.SQL                        : select c1_0.id,c1_0.address,c1_0.created_at,c1_0.credit_balance,c1_0.credit_limit,c1_0.customer_name,c1_0.email,c1_0.gst_number,c1_0.phone,c1_0.status from customers c1_0 where c1_0.id=?
Hibernate: select c1_0.id,c1_0.address,c1_0.created_at,c1_0.credit_balance,c1_0.credit_limit,c1_0.customer_name,c1_0.email,c1_0.gst_number,c1_0.phone,c1_0.status from customers c1_0 where c1_0.id=?
2026-08-18T00:11:43.362+05:30 DEBUG 10876 --- [backend] [nio-8083-exec-4] org.hibernate.SQL                        : select c1_0.id,c1_0.address,c1_0.created_at,c1_0.credit_balance,c1_0.credit_limit,c1_0.customer_name,c1_0.email,c1_0.gst_number,c1_0.phone,c1_0.status from customers c1_0 where c1_0.id=?
Hibernate: select c1_0.id,c1_0.address,c1_0.created_at,c1_0.credit_balance,c1_0.credit_limit,c1_0.customer_name,c1_0.email,c1_0.gst_number,c1_0.phone,c1_0.status from customers c1_0 where c1_0.id=?
2026-08-18T00:11:43.362+05:30 DEBUG 10876 --- [backend] [nio-8083-exec-4] org.hibernate.SQL                        : select c1_0.id,c1_0.address,c1_0.created_at,c1_0.credit_balance,c1_0.credit_limit,c1_0.customer_name,c1_0.email,c1_0.gst_number,c1_0.phone,c1_0.status from customers c1_0 where c1_0.id=?
Hibernate: select c1_0.id,c1_0.address,c1_0.created_at,c1_0.credit_balance,c1_0.credit_limit,c1_0.customer_name,c1_0.email,c1_0.gst_number,c1_0.phone,c1_0.status from customers c1_0 where c1_0.id=?
